{
  "result": "Passed",
  "verification_tier": 1,
  "install_mode": "fresh",
  "observed_at": "2026-09-18T09:58:51.669975+00:00",
  "scope": "Web-04 additive processing/staging schema, least-privilege reserve/commit/read/lookup functions, transaction rollback, cleanup, idempotency, revision, capability, and tenant refusal",
  "prerequisites": [
    "Existing Docker Compose db service with schema extensions available",
    "Configured PostgreSQL admin password from container environment",
    "Pinned Rust toolchain and idle workspace Cargo build directory",
    "No concurrent database fixtures; a local exclusive lock covers this runner"
  ],
  "commands": [
    "python3 scripts/test-web04-document-upload-schema.py --install-mode fresh --output /Users/gqadonis/Projects/TribeHealth/kevin/prior-auth/.kbd-orchestrator/phases/runtime-architecture/children/web-case-to-letter/evidence/web-04-document-upload-core/task-5-fresh-focused.json",
    "cargo run -p aso-web-server -- --migrate-server"
  ],
  "environment_contract": {
    "migration": [
      "ASO_MIGRATION_DATABASE_URL"
    ],
    "test": [
      "ASO_TEST_DATABASE_URL",
      "ASO_TEST_ADMIN_DATABASE_URL",
      "ASO_TEST_OWNER_ROLE",
      "ASO_TEST_GATE_CONTEXTS",
      "ASO_TEST_GATE_CASE_ID",
      "ASO_TEST_FOREIGN_CASE_ID"
    ],
    "credentials": "Disposable passwords supplied only through environment or captured SQL stdin"
  },
  "checks": {
    "postgres_port_discovery": {
      "result": "Passed",
      "return_code": 0
    },
    "configured_admin_password_available": {
      "result": "Passed",
      "return_code": 0
    },
    "fresh_schema_has_no_clinical_rows_before_migration": {
      "result": "Passed",
      "row_counts": {
        "cases": 0,
        "users": 0,
        "letters": 0,
        "patients": 0,
        "receipts": 0,
        "documents": 0,
        "practices": 0,
        "user_roles": 0,
        "annotations": 0,
        "submissions": 0,
        "audit_events": 0,
        "peer_reviews": 0,
        "case_evidence": 0,
        "case_pathways": 0,
        "letter_claims": 0,
        "receipt_items": 0,
        "custody_events": 0,
        "determinations": 0,
        "gate_affirmations": 0,
        "letter_qa_results": 0,
        "evidence_citations": 0,
        "patient_identities": 0,
        "case_diagnosis_codes": 0,
        "case_procedure_codes": 0,
        "submission_attachments": 0
      }
    },
    "initial_server_migration": {
      "result": "Passed",
      "return_code": 0
    },
    "fresh_migration_leaves_clinical_rows_empty": {
      "result": "Passed",
      "row_counts": {
        "cases": 0,
        "users": 0,
        "letters": 0,
        "patients": 0,
        "receipts": 0,
        "documents": 0,
        "practices": 0,
        "user_roles": 0,
        "annotations": 0,
        "submissions": 0,
        "audit_events": 0,
        "peer_reviews": 0,
        "case_commands": 0,
        "case_evidence": 0,
        "case_pathways": 0,
        "gate_commands": 0,
        "letter_claims": 0,
        "receipt_items": 0,
        "custody_events": 0,
        "determinations": 0,
        "gate_affirmations": 0,
        "letter_qa_results": 0,
        "evidence_citations": 0,
        "patient_identities": 0,
        "case_diagnosis_codes": 0,
        "case_procedure_codes": 0,
        "submission_attachments": 0
      }
    },
    "fresh_fixture_seeded_after_migration": {
      "result": "Passed"
    },
    "unchanged_migration_rerun": {
      "result": "Passed",
      "return_code": 0
    },
    "migration_ledger_and_populated_cases_unchanged": {
      "result": "Passed"
    },
    "durable_gate_migration_recorded": {
      "result": "Passed"
    },
    "checksum_mismatch_refused": {
      "result": "Passed",
      "return_code": 1,
      "checksum_mismatch_reported": true
    },
    "checksum_refusal_preserves_populated_cases": {
      "result": "Passed"
    },
    "restored_checksum_rerun": {
      "result": "Passed",
      "return_code": 0
    },
    "checksum_restoration_preserves_ledger_and_cases": {
      "result": "Passed"
    },
    "migration_adds_initial_document_revision_tokens": {
      "result": "Passed",
      "observed": {
        "caseInputRevision": 1,
        "documentSetRevision": 0
      }
    },
    "authorized_reservation_binds_server_storage_identity": {
      "result": "Passed",
      "observed": {
        "state": "staged",
        "caseId": "da898728-3bb8-4c90-96b0-262fae7ac733",
        "commandId": "5e47ba11-8b9b-4876-8e0c-4d41ceb878c2",
        "expiresAt": "2026-09-18T10:59:00.651317+00:00",
        "stagingId": "5e47ba11-8b9b-4876-8e0c-4d41ceb878c2",
        "documentId": "49c755ea-5169-409b-8c9c-56273f60ed4c",
        "storageKey": "documents/6e8154dd-f146-4756-9450-756ac52854d0/49c755ea-5169-409b-8c9c-56273f60ed4c/abababababababababababababababababababababababababababababababab"
      }
    },
    "reservation_retry_is_idempotent": {
      "result": "Passed"
    },
    "same_command_different_hash_is_conflict": {
      "result": "Passed",
      "expected_sqlstate": "23505"
    },
    "oversized_upload_is_refused_before_staging": {
      "result": "Passed",
      "expected_sqlstate": "22023"
    },
    "foreign_practice_case_is_refused": {
      "result": "Passed",
      "expected_sqlstate": "42501"
    },
    "administrator_without_document_upload_is_refused": {
      "result": "Passed",
      "expected_sqlstate": "42501"
    },
    "rollback_control_executes": {
      "result": "Passed",
      "database_error": []
    },
    "rolled_back_commit_leaves_no_partial_ready_metadata": {
      "result": "Passed",
      "observed": {
        "commandCount": 0,
        "stagingCount": 1,
        "documentCount": 0
      }
    },
    "commit_atomically_persists_queued_metadata_and_receipt": {
      "result": "Passed",
      "receipt": {
        "action": "upload",
        "caseId": "da898728-3bb8-4c90-96b0-262fae7ac733",
        "commandId": "5e47ba11-8b9b-4876-8e0c-4d41ceb878c2",
        "documentId": "49c755ea-5169-409b-8c9c-56273f60ed4c",
        "committedAt": "2026-09-18T09:59:01.45587+00:00"
      },
      "stored": {
        "byteSize": 18,
        "revision": 1,
        "mediaType": "text/plain",
        "pageCount": null,
        "storageKey": "documents/6e8154dd-f146-4756-9450-756ac52854d0/49c755ea-5169-409b-8c9c-56273f60ed4c/abababababababababababababababababababababababababababababababab",
        "contentSha256": "abababababababababababababababababababababababababababababababab",
        "documentVersion": 1,
        "processingStatus": "queued"
      },
      "post_commit": {
        "commandCount": 1,
        "stagingCount": 0,
        "documentSetRevision": 0
      }
    },
    "lost_commit_response_reconciles_exact_receipt": {
      "result": "Passed"
    },
    "authorized_metadata_read_excludes_storage_key_and_bytes": {
      "result": "Passed",
      "keys": [
        "byteSize",
        "caseId",
        "committedAt",
        "contentSha256",
        "documentTypeId",
        "documentVersion",
        "effectiveDate",
        "id",
        "mediaType",
        "name",
        "pageCount",
        "processingErrorCode",
        "processingStatus",
        "revision"
      ]
    },
    "abandon_returns_exact_storage_key_and_removes_pending_state": {
      "result": "Passed",
      "observed": {
        "commandCount": 0,
        "stagingCount": 0,
        "documentCount": 0
      }
    },
    "least_privilege_local_tables_and_processor_boundary": {
      "result": "Passed",
      "observed": {
        "stagingRls": true,
        "commandsRls": true,
        "migrationRecorded": true,
        "executorCommandRead": false,
        "executorStagingWrite": false,
        "humanProcessorGrants": 0,
        "publishedLocalTables": false,
        "executorDocumentInsert": false
      }
    }
  },
  "processes": [
    {
      "label": "initial_server_migration",
      "command": [
        "cargo",
        "run",
        "-p",
        "aso-web-server",
        "--",
        "--migrate-server"
      ],
      "return_code": 0,
      "actual_result_output": []
    },
    {
      "label": "unchanged_server_migration_rerun",
      "command": [
        "cargo",
        "run",
        "-p",
        "aso-web-server",
        "--",
        "--migrate-server"
      ],
      "return_code": 0,
      "actual_result_output": []
    },
    {
      "label": "checksum_mismatch_refusal",
      "command": [
        "cargo",
        "run",
        "-p",
        "aso-web-server",
        "--",
        "--migrate-server"
      ],
      "return_code": 1,
      "actual_result_output": [],
      "checksum_mismatch_reported": true
    },
    {
      "label": "restored_checksum_migration_rerun",
      "command": [
        "cargo",
        "run",
        "-p",
        "aso-web-server",
        "--",
        "--migrate-server"
      ],
      "return_code": 0,
      "actual_result_output": []
    }
  ],
  "cleanup": {
    "disposable_database_deleted": {
      "result": "Passed",
      "return_code": 0
    },
    "aso_session_reader": {
      "result": "Passed",
      "action": "preexisting_role_preserved"
    },
    "aso_gate_executor": {
      "result": "Passed",
      "action": "preexisting_role_preserved"
    },
    "aso_gate_owner": {
      "result": "Passed",
      "action": "preexisting_role_preserved"
    },
    "aso_case_executor": {
      "result": "Passed",
      "action": "preexisting_role_preserved"
    },
    "aso_case_owner": {
      "result": "Passed",
      "action": "preexisting_role_preserved"
    },
    "aso_authority_event_reader": {
      "result": "Passed",
      "action": "preexisting_role_preserved"
    }
  },
  "unverified": [
    "DocumentStore byte writes, AppServices orchestration, multipart HTTP, React UI, actual browser, Tauri, and mobile are outside Web-04 task 1.2."
  ],
  "source_sha256": {
    "migrations/server/2026090601_durable_gate.sql": "b3da2e91629534c011c6186eeb658fc2286896d2d491ca94dcda03a2f009a899",
    "crates/aso-web-server/src/adapters/gate.rs": "25fa31c1a8d0637c17d2ac3ac374eb4fc7c72465e6e9aca5d92fc5e4536fe8a0",
    "crates/aso-web-server/src/adapters/gate/transaction_tests.rs": "9690fe42a3cda9fc797b1bd6cfbd844155581d64227f75fc8ecd5a65e4196695",
    "crates/aso-host/src/affirmation.rs": "adc28699815e2e24016b99742820eb3731a3ee31d2c0750721866b2a5fe679bb",
    "crates/aso-host/src/lib.rs": "119d40b1688f90dfcbdcc9fcf5eaf5c0a0811290d135bcca36cdc1e0fca9ad7c",
    "docs/design/schema/schema.sql": "0659af835b02cd91b697f5c29f5ad6ff1e34ecad92dcf7a7d41eb14391ea9679",
    "docker/bootstrap/25-session-authority.sql": "fae999acbbaf98ca6b3ae107670ea25511426a233fa4ced5e72556c3fbc8c21b",
    "scripts/test-gate-transaction.py": "7d96318b843f93455f9d30462f56e63c36f618d4569ccbd3d1a15704566a0787",
    "migrations/server/2026090617_durable_case_commands.sql": "6ed504bdff3e4abe464179101d55c7fd23c4b6e9c1ef5e67e6e3854b010d3a86",
    "migrations/server/2026090620_document_upload_schema.sql": "5b6ff35b0d64ed48436506d95059ccb211eea32cae76bc83b57e17ba5b743a3c",
    "crates/aso-web-server/src/migrations.rs": "730cd713e6787412d5eef817018c6343dc0e82dc7ea5432d6133a34abcfb4d05",
    "docs/design/schema/schema-web-case-to-letter.sql": "35cd668d991dd4b06b2a21a642c1370476a9b4052500b27dd9637fa43a8dec3e",
    "scripts/test-web04-document-upload-schema.py": "ac5511e5b2c57b00cfdae323a11940edee8e308a8f291e37f1cff847c3ff043a"
  },
  "completed_at": "2026-09-18T09:59:02.525111+00:00"
}
Gate transaction probe: capture_source_hashes
Gate transaction probe: disposable_database_and_fresh_fixture
Gate transaction probe: initial_server_migration
Gate transaction probe: seed_fresh_transaction_fixture
Gate transaction probe: unchanged_server_migration_rerun
Gate transaction probe: checksum_mismatch_refusal
Gate transaction probe: restored_checksum_migration_rerun
Gate transaction probe: web04_document_upload_schema_and_functions
Gate transaction probe: cleanup_owned_resources
