warning: the `Err`-variant returned from this function is very large
  --> crates/aso-server-axum/src/routes/administering_entity.rs:76:67
   |
76 | fn require_capability(capabilities: &[String], required: &str) -> Result<(), Response> {
   |                                                                   ^^^^^^^^^^^^^^^^^^^^ the `Err`-variant is at least 128 bytes
   |
   = help: try reducing the size of `axum::http::Response<axum::body::Body>`, for example by boxing large elements or replacing it with `Box<axum::http::Response<axum::body::Body>>`
   = help: for further information visit https://rust-lang.github.io/rust-clippy/rust-1.97.0/index.html#result_large_err
   = note: `#[warn(clippy::result_large_err)]` on by default

warning: the `Err`-variant returned from this function is very large
  --> crates/aso-server-axum/src/routes/cases.rs:90:67
   |
90 | fn require_capability(capabilities: &[String], required: &str) -> Result<(), Response> {
   |                                                                   ^^^^^^^^^^^^^^^^^^^^ the `Err`-variant is at least 128 bytes
   |
   = help: try reducing the size of `axum::http::Response<axum::body::Body>`, for example by boxing large elements or replacing it with `Box<axum::http::Response<axum::body::Body>>`
   = help: for further information visit https://rust-lang.github.io/rust-clippy/rust-1.97.0/index.html#result_large_err

warning: the `Err`-variant returned from this function is very large
  --> crates/aso-server-axum/src/routes/documents.rs:92:67
   |
92 | fn require_capability(capabilities: &[String], required: &str) -> Result<(), Response> {
   |                                                                   ^^^^^^^^^^^^^^^^^^^^ the `Err`-variant is at least 128 bytes
   |
   = help: try reducing the size of `axum::http::Response<axum::body::Body>`, for example by boxing large elements or replacing it with `Box<axum::http::Response<axum::body::Body>>`
   = help: for further information visit https://rust-lang.github.io/rust-clippy/rust-1.97.0/index.html#result_large_err

warning: the `Err`-variant returned from this function is very large
   --> crates/aso-server-axum/src/routes/documents.rs:148:51
    |
148 | fn set_once<T>(slot: &mut Option<T>, value: T) -> Result<(), Response> {
    |                                                   ^^^^^^^^^^^^^^^^^^^^ the `Err`-variant is at least 128 bytes
    |
    = help: try reducing the size of `axum::http::Response<axum::body::Body>`, for example by boxing large elements or replacing it with `Box<axum::http::Response<axum::body::Body>>`
    = help: for further information visit https://rust-lang.github.io/rust-clippy/rust-1.97.0/index.html#result_large_err

warning: the `Err`-variant returned from this closure is very large
   --> crates/aso-server-axum/src/routes/documents.rs:226:14
    |
226 |         .map(|value| serde_json::from_str::<Value>(&value).map_err(|_| invalid()))
    |              ^^^^^^^^^^^^^^^^^^^^^^^^^^^^^^^^^^^^^^^^^^^^^^^^^^^^^^^^^^^^^^^^^^^^ the `Err`-variant is at least 128 bytes
    |
    = help: try reducing the size of `axum::http::Response<axum::body::Body>`, for example by boxing large elements or replacing it with `Box<axum::http::Response<axum::body::Body>>`
    = help: for further information visit https://rust-lang.github.io/rust-clippy/rust-1.97.0/index.html#result_large_err

warning: `aso-server-axum` (lib) generated 5 warnings
    Checking aso-web-server v0.1.0 (/Users/gqadonis/Projects/TribeHealth/kevin/prior-auth/crates/aso-web-server)
    Finished `dev` profile [unoptimized + debuginfo] target(s) in 51.21s
