
> aso-web@0.1.0 build
> tsc -b && vite build

vite v7.1.5 building for production...
(node:40429) [DEP0205] DeprecationWarning: `module.register()` is deprecated. Use `module.registerHooks()` instead.
(Use `node --trace-deprecation ...` to show where the warning was created)
transforming...
node_modules/.pnpm/@electric-sql+pglite@0.5.8/node_modules/@electric-sql/pglite/dist/fs/nodefs.js (1:227): "resolve" is not exported by "__vite-browser-external", imported by "node_modules/.pnpm/@electric-sql+pglite@0.5.8/node_modules/@electric-sql/pglite/dist/fs/nodefs.js".
node_modules/.pnpm/@electric-sql+pglite@0.5.8/node_modules/@electric-sql/pglite/dist/fs/nodefs.js (1:240): "existsSync" is not exported by "__vite-browser-external", imported by "node_modules/.pnpm/@electric-sql+pglite@0.5.8/node_modules/@electric-sql/pglite/dist/fs/nodefs.js".
node_modules/.pnpm/@electric-sql+pglite@0.5.8/node_modules/@electric-sql/pglite/dist/fs/nodefs.js (1:253): "join" is not exported by "__vite-browser-external", imported by "node_modules/.pnpm/@electric-sql+pglite@0.5.8/node_modules/@electric-sql/pglite/dist/fs/nodefs.js".
node_modules/.pnpm/@electric-sql+pglite@0.5.8/node_modules/@electric-sql/pglite/dist/fs/nodefs.js (1:276): "mkdirSync" is not exported by "__vite-browser-external", imported by "node_modules/.pnpm/@electric-sql+pglite@0.5.8/node_modules/@electric-sql/pglite/dist/fs/nodefs.js".
✓ 2345 modules transformed.
node_modules/.pnpm/@electric-sql+pglite@0.5.8/node_modules/@electric-sql/pglite/dist/chunk-DDJLRBDX.js (1:26769): Use of eval in "node_modules/.pnpm/@electric-sql+pglite@0.5.8/node_modules/@electric-sql/pglite/dist/chunk-DDJLRBDX.js" is strongly discouraged as it poses security risks and may cause issues with minification.
node_modules/.pnpm/@electric-sql+pglite@0.5.8/node_modules/@electric-sql/pglite/dist/chunk-DDJLRBDX.js (1:27247): Use of eval in "node_modules/.pnpm/@electric-sql+pglite@0.5.8/node_modules/@electric-sql/pglite/dist/chunk-DDJLRBDX.js" is strongly discouraged as it poses security risks and may cause issues with minification.
node_modules/.pnpm/@electric-sql+pglite@0.5.8/node_modules/@electric-sql/pglite/dist/index.js (1:89303): Use of eval in "node_modules/.pnpm/@electric-sql+pglite@0.5.8/node_modules/@electric-sql/pglite/dist/index.js" is strongly discouraged as it poses security risks and may cause issues with minification.
node_modules/.pnpm/@electric-sql+pglite@0.5.8/node_modules/@electric-sql/pglite/dist/index.js (1:89781): Use of eval in "node_modules/.pnpm/@electric-sql+pglite@0.5.8/node_modules/@electric-sql/pglite/dist/index.js" is strongly discouraged as it poses security risks and may cause issues with minification.
rendering chunks...
computing gzip size...
dist/index.html                                                 0.46 kB │ gzip:     0.29 kB
dist/assets/geist-cyrillic-ext-wght-normal-DjL33-gN.woff2       7.42 kB
dist/assets/geist-vietnamese-wght-normal-6IgcOCM7.woff2         8.00 kB
dist/assets/geist-cyrillic-wght-normal-BEAKL7Jp.woff2          15.08 kB
dist/assets/geist-latin-ext-wght-normal-DC-KSUi6.woff2         16.51 kB
dist/assets/geist-latin-wght-normal-BgDaEnEv.woff2             29.40 kB
dist/assets/initdb-DwLcS450.wasm                              395.24 kB │ gzip:   147.20 kB
dist/assets/pglite-n8RDJ3Sw.data                            6,295.32 kB
dist/assets/pglite-DgipwPsY.wasm                           10,088.16 kB │ gzip: 3,443.92 kB
dist/assets/index-CUzuexB0.css                                252.98 kB │ gzip:    37.42 kB
dist/assets/__vite-browser-external-BIHI7g3E.js                 0.03 kB │ gzip:     0.05 kB
dist/assets/settings-profile-route-DwURVo8j.js                  0.21 kB │ gzip:     0.18 kB
dist/assets/case-queue-route-B1AmWnxc.js                        0.21 kB │ gzip:     0.18 kB
dist/assets/settings-integrations-route-CbUcI-QO.js             0.22 kB │ gzip:     0.19 kB
dist/assets/surgeon-gate-route-Cwa0Gq-D.js                      0.23 kB │ gzip:     0.19 kB
dist/assets/peer-to-peer-route-9nkQ9sN6.js                      0.23 kB │ gzip:     0.19 kB
dist/assets/admin-console-route-T-kGpv6k.js                     0.23 kB │ gzip:     0.19 kB
dist/assets/policy-panel-route-BzdOrYCd.js                      0.23 kB │ gzip:     0.19 kB
dist/assets/submission-packet-route-r5dnUGnh.js                 0.23 kB │ gzip:     0.19 kB
dist/assets/pathway-comparison-route-PMIJ2vLV.js                0.23 kB │ gzip:     0.19 kB
dist/assets/receipt-verification-route-Kiv2Fd6W.js              0.24 kB │ gzip:     0.20 kB
dist/assets/nodefs-BVSDTtvm.js                                  0.42 kB │ gzip:     0.29 kB
dist/assets/route-placeholder-Stpgi3jI.js                       0.51 kB │ gzip:     0.32 kB
dist/assets/textarea-CnE95P9j.js                                0.70 kB │ gzip:     0.38 kB
dist/assets/use-scoped-view-store-Bb3v7PA-.js                   1.40 kB │ gzip:     0.69 kB
dist/assets/badge-C2KtDy73.js                                   1.43 kB │ gzip:     0.66 kB
dist/assets/intake-checklist-route-BmzmGFkG.js                  4.74 kB │ gzip:     2.02 kB
dist/assets/case-detail-route-DPHVffTw.js                       6.08 kB │ gzip:     1.86 kB
dist/assets/letter-composer-route-DyDbUh8W.js                   9.73 kB │ gzip:     3.43 kB
dist/assets/opfs-ahp-Bn0mjXSj.js                               10.02 kB │ gzip:     3.05 kB
dist/assets/case-queue-CELWCr4x.js                             20.79 kB │ gzip:     6.47 kB
dist/assets/evidence-timeline-route-D4caEmhG.js               105.69 kB │ gzip:    34.45 kB
dist/assets/index-CItcut8s.js                               1,062.00 kB │ gzip:   291.32 kB

(!) Some chunks are larger than 500 kB after minification. Consider:
- Using dynamic import() to code-split the application
- Use build.rollupOptions.output.manualChunks to improve chunking: https://rollupjs.org/configuration-options/#output-manualchunks
- Adjust chunk size limit for this warning via build.chunkSizeWarningLimit.
✓ built in 2.79s
