
> aso-web@0.1.0 test
> vitest run --run --maxWorkers=4


 RUN  v3.2.7 /Users/gqadonis/Projects/TribeHealth/kevin/prior-auth/web

 ✓ src/shared/sync/migration-ledger.test.ts (10 tests) 15691ms
   ✓ migrateReplicaSchema > requires a held ownership lease before migration  1437ms
   ✓ migrateReplicaSchema > applies a checksummed logical version and generation atomically  2510ms
   ✓ migrateReplicaSchema > starts a strictly newer generation before a cutover migration  2357ms
   ✓ migrateReplicaSchema > returns recovery-required on checksum drift without mutating the generation  2018ms
   ✓ migrateReplicaSchema > fences an older logical schema and preserves a generation advanced by refetch  1452ms
   ✓ migrateReplicaSchema > rejects a changed migration set without a logical version bump  1352ms
   ✓ migrateReplicaSchema > rejects duplicate migration identifiers before applying schema changes  1365ms
   ✓ migrateReplicaSchema > rolls back the whole generation when a migration fails  1507ms
   ✓ migrateReplicaSchema > fences a recorded migration history that is not the plan prefix  1689ms
 ✓ src/shared/sync/replica-worker-lifecycle.test.ts (3 tests) 12264ms
   ✓ durable replica worker lifecycle > fences an old tab after owner close and gives exactly one follower the durable replica  3143ms
   ✓ durable replica worker lifecycle > quarantines a failed migration without partially changing durable data  3010ms
   ✓ durable replica worker lifecycle > invalidates an old identity during opening and never exposes its data to the new identity  6109ms
 ✓ src/shared/sync/replica-materializer.test.ts (2 tests) 4069ms
   ✓ owned SQL materializer with committed PEM projection > commits rows and checkpoint before one complete replacement becomes ready  2081ms
   ✓ owned SQL materializer with committed PEM projection > rolls the row back when checkpoint persistence fails  1987ms
 ✓ src/shared/sync/pglite-schema.test.ts (7 tests) 4207ms
   ✓ PGlite schema upgrades > cuts a populated revision-5 replica over before adding required case columns  1533ms
 ✓ src/shared/sync/catalog-conformance.test.ts (5 tests) 1673ms
 ✓ src/shared/sync/case-summary-materialization.test.ts (1 test) 2345ms
   ✓ case summary materialization > projects an over-wide transport row onto the approved PEM case summary  2344ms
 ✓ src/shared/sync/source-hash-materialization.test.ts (1 test) 2142ms
   ✓ document status materialization > stores the exact approved status row and structurally drops local source data  2142ms
 ✓ src/features/surgeon-gate/hooks/use-surgeon-gate.test.tsx (17 tests) 1419ms
 ✓ src/features/administering-entity/hooks/use-administering-entity-resolution.test.tsx (12 tests) 1090ms
 ✓ src/features/letter-workflow/hooks/use-letter-workflow.test.tsx (12 tests) 854ms
 ✓ src/features/submission-workflow/components/submission-workspace.test.tsx (10 tests) 422ms
 ✓ src/app/routes/case-to-letter-routes.test.tsx (9 tests) 324ms
 ✓ src/features/authentication/hooks/use-auth-flow-model.test.tsx (6 tests) 338ms
 ✓ src/features/letter-signing/hooks/use-letter-signing.test.tsx (5 tests) 298ms
 ✓ src/features/document-generation/components/document-task-panel.test.tsx (4 tests) 189ms
 ✓ src/features/document-generation/components/document-surface-renderer.test.tsx (14 tests) 191ms
 ✓ src/features/source-preview/components/source-preview.test.tsx (2 tests) 190ms
 ✓ src/features/case-queue/components/case-detail.test.tsx (2 tests) 137ms
 ✓ src/features/evidence-timeline/components/evidence-timeline.test.tsx (6 tests) 200ms
 ✓ src/app/routes/app-routes.test.tsx (4 tests) 229ms
 ✓ src/features/document-intake/components/document-intake.test.tsx (3 tests) 256ms
 ✓ src/app/routes/case-resolution-recovery-route.test.tsx (1 test) 192ms
 ✓ src/features/administering-entity/components/administering-entity-panel.test.tsx (6 tests) 201ms
 ✓ src/app/shell/app-shell.test.tsx (1 test) 150ms
 ✓ src/app/providers/session-access-boundary.test.tsx (6 tests) 130ms
 ✓ src/features/letter-workflow/components/letter-workspace.test.tsx (4 tests) 172ms
 ✓ src/features/case-queue/components/case-form.test.tsx (5 tests) 136ms
 ✓ src/features/case-queue/hooks/use-case-command.test.tsx (5 tests) 185ms
 ✓ src/app/routes/criteria-selection-routes.test.tsx (1 test) 156ms
 ✓ src/features/annotations/components/annotation-composer.test.tsx (2 tests) 271ms
 ✓ src/features/case-queue/components/case-queue.test.tsx (1 test) 147ms
 ✓ src/features/letter-signing/components/letter-signing-card.test.tsx (5 tests) 150ms
 ✓ src/app/providers/session-provider.test.tsx (8 tests) 130ms
 ✓ src/app/routes/private-runtime-outlet.test.tsx (13 tests) 95ms
 ✓ src/features/annotations/components/annotation-section.test.tsx (2 tests) 171ms
 ✓ src/features/document-generation/services/document-task-channel.test.ts (18 tests) 130ms
 ✓ src/features/authentication/components/auth-flow-form.test.tsx (3 tests) 130ms
 ✓ src/features/denial-response/hooks/use-denial-response.test.tsx (2 tests) 122ms
 ✓ src/features/evidence-timeline/hooks/use-evidence-timeline.test.tsx (12 tests) 56ms
 ✓ src/features/case-queue/hooks/use-case-detail.test.tsx (1 test) 122ms
 ✓ src/features/drafts/components/targeted-correction-draft.test.tsx (2 tests) 109ms
 ✓ src/features/annotations/components/attributed-opinion-card.test.tsx (1 test) 108ms
 ✓ src/features/session/hooks/use-startup-session.test.tsx (8 tests) 70ms
 ✓ src/features/case-queue/components/case-intake.test.tsx (1 test) 60ms
 ✓ src/shared/ui/evidence-state-chip.test.tsx (8 tests) 46ms
 ✓ src/features/evidence-timeline/components/timeline-entry-row.test.tsx (11 tests) 60ms
 ✓ src/features/annotations/hooks/use-annotation-command.test.tsx (6 tests) 30ms
 ✓ src/shared/sync/frf-shape-transport.test.ts (36 tests) 28ms
 ✓ src/app/providers/graph-provider-native.test.tsx (1 test) 26ms
 ✓ src/app/providers/graph-provider-startup.test.tsx (2 tests) 87ms
 ✓ src/features/drafts/draft-runtime-recovery.integration.test.ts (1 test) 9ms
 ✓ src/shared/sync/replica-runtime.test.ts (24 tests) 12ms
 ✓ src/features/source-preview/hooks/use-source-preview.test.tsx (3 tests) 29ms
 ✓ src/features/document-intake/hooks/use-document-upload.test.tsx (2 tests) 25ms
 ✓ src/shared/use-scoped-view-store.test.tsx (2 tests) 16ms
 ✓ src/shared/sync/chunk-writer.test.ts (20 tests) 6ms
 ✓ src/features/annotations/hooks/use-annotation-type-catalog.test.ts (3 tests) 10ms
 ✓ src/features/case-queue/hooks/use-case-queue-view.test.tsx (1 test) 12ms
 ✓ src/app/navigation/use-committed-case-gate.test.ts (1 test) 10ms
 ✓ src/features/document-generation/services/task-event-stream.test.ts (2 tests) 43ms
 ✓ src/shared/api/http-client.test.ts (7 tests) 10ms
 ✓ src/features/session/store/session-store.test.ts (26 tests) 9ms
 ✓ src/shared/sync/graph-session-manager.test.ts (11 tests) 6ms
 ✓ src/features/authentication/model/auth-storage-boundary.test.ts (2 tests) 9ms
 ✓ src/features/submission-workflow/services/submission-command-owner.test.ts (19 tests) 8ms
 ✓ src/features/session/services/logout-pending-control.test.ts (4 tests) 5ms
 ✓ src/features/authentication/services/auth-flow-service.test.ts (5 tests) 6ms
 ✓ src/shared/sync/replica-worker-owner.test.ts (13 tests) 9ms
 ✓ src/features/session/services/session-hint-bus.test.ts (4 tests) 5ms
 ✓ src/shared/sync/replica-owner.test.ts (13 tests) 9ms
 ✓ src/features/document-intake/api/document-intake-api.test.ts (1 test) 7ms
 ✓ src/features/document-generation/api/document-task-api.test.ts (3 tests) 6ms
 ✓ src/features/source-preview/api/source-preview-api.test.ts (4 tests) 9ms
 ✓ src/shared/sync/replica-continuation.test.ts (3 tests) 18ms
 ✓ src/features/session/services/session-service.test.ts (5 tests) 6ms
 ✓ src/shared/native-command-client.test.ts (3 tests) 4ms
 ✓ src/shared/sync/replica-wiring.test.ts (4 tests) 4ms
 ✓ src/features/drafts/services/memory-draft-repository.test.ts (5 tests) 4ms
 ✓ src/features/session/model/session-parse.test.ts (14 tests) 4ms
 ✓ src/shared/sync/native-replica-client.test.ts (2 tests) 5ms
 ✓ src/shared/sync/lease-store-web.test.ts (9 tests) 3ms
 ✓ src/shared/sync/replica-rebuild.test.ts (11 tests) 5ms
 ✓ src/app/navigation/pipeline.test.ts (13 tests) 7ms
 ✓ src/shared/sync/replica-publisher.test.ts (9 tests) 4ms
 ✓ src/features/authentication/model/auth-flow.test.ts (2 tests) 5ms
 ✓ src/features/annotations/hooks/use-annotation-projection.test.ts (2 tests) 2ms
 ✓ src/features/document-generation/model/document-surfaces.test.ts (32 tests) 9ms
 ✓ src/shared/scoped-view-store.test.ts (3 tests) 4ms
 ✓ src/features/submission-workflow/model/submission-workflow.test.ts (6 tests) 3ms
 ✓ src/shared/store/interaction-store.test.ts (9 tests) 8ms
 ✓ src/shared/session-revocation-events.test.ts (1 test) 3ms
 ✓ src/shared/sync/storage-policy.test.ts (10 tests) 8ms
 ✓ src/shared/model/evidence-tally.test.ts (6 tests) 4ms
 ✓ src/shared/sync/materializer-adoption.test.ts (2 tests) 3ms
 ✓ src/features/case-queue/api/case-api.test.ts (1 test) 2ms
 ✓ src/features/submission-workflow/api/submission-workflow-api.test.ts (2 tests) 3ms
 ✓ src/features/case-queue/hooks/use-case-projection.test.ts (6 tests) 3ms
 ✓ src/features/document-generation/hooks/use-document-task-status.test.ts (3 tests) 4ms
 ✓ src/features/case-queue/model/case-summary.test.ts (13 tests) 3ms
 ✓ src/app/providers/graph-storage-key.test.ts (11 tests) 3ms
 ✓ src/features/evidence-timeline/hooks/use-evidence-timeline-projection.test.ts (1 test) 3ms
 ✓ src/features/administering-entity/api/administering-entity-api.test.ts (1 test) 2ms
 ✓ src/features/evidence-timeline/components/tally-states.test.ts (5 tests) 2ms
 ✓ src/features/document-intake/model/document-intake.test.ts (10 tests) 3ms
 ✓ src/features/document-intake/hooks/use-document-statuses.test.ts (2 tests) 2ms
 ✓ src/shared/sync/runtime-quiescence.test.ts (1 test) 3ms
 ✓ src/shared/sync/shape-gateway.test.ts (2 tests) 3ms
 ✓ src/shared/sync/protected-replica-boundaries.integration.test.ts (2 tests) 7ms
 ↓ src/shared/sync/replica-mounted.integration.test.ts (2 tests | 2 skipped)

 Test Files  108 passed | 1 skipped (109)
      Tests  689 passed | 2 skipped (691)
   Start at  13:32:22
   Duration  141.90s (transform 1.74s, setup 0ms, collect 13.46s, tests 52.42s, environment 52.19s, prepare 6.05s)

