
 RUN  v3.2.7 /Users/gqadonis/Projects/TribeHealth/kevin/prior-auth/web

 ❯ src/features/case-queue/components/case-form.test.tsx (5 tests | 4 failed) 135ms
   ✓ case form adaptive interaction > keeps the same labeled form state across mobile and desktop resize and submits semantically 95ms
   × case form adaptive interaction > focuses the requested missing memberId field 15ms
     → expected <body><div>…(1)</div></body> to be <input id="_r_b_-member-id" …(4)></input> // Object.is equality
   × case form adaptive interaction > focuses the requested missing planKey field 9ms
     → expected <body><div>…(1)</div></body> to be <input id="_r_m_-plan-key" …(4)></input> // Object.is equality
   × case form adaptive interaction > focuses the requested missing procedureCode field 8ms
     → expected <body><div>…(1)</div></body> to be <input …(5)></input> // Object.is equality
   × case form adaptive interaction > focuses the requested missing dateOfService field 8ms
     → expected <body><div>…(1)</div></body> to be <input …(5)></input> // Object.is equality

⎯⎯⎯⎯⎯⎯⎯ Failed Tests 4 ⎯⎯⎯⎯⎯⎯⎯

 FAIL  src/features/case-queue/components/case-form.test.tsx > case form adaptive interaction > focuses the requested missing memberId field
AssertionError: expected <body><div>…(1)</div></body> to be <input id="_r_b_-member-id" …(4)></input> // Object.is equality

- Expected
+ Received

+ <body>
+   <div>
+     <form
+       aria-label="Case intake form"
+       class="grid gap-5"
+     >
+       <div
+         class="group/field-group @container/field-group w-full flex-col data-[slot=checkbox-group]:gap-3 *:data-[slot=field-group]:gap-4 grid gap-4 sm:grid-cols-2"
+         data-slot="field-group"
+       >
+         <div
+           class="group/field flex w-full gap-2 data-[invalid=true]:text-destructive flex-col *:w-full [&>.sr-only]:w-auto"
+           data-orientation="vertical"
+           data-slot="field"
+           role="group"
+         >
+           <label
+             class="items-center text-sm font-medium select-none group-data-[disabled=true]:pointer-events-none group-data-[disabled=true]:opacity-50 peer-disabled:cursor-not-allowed peer-disabled:opacity-50 group/field-label peer/field-label flex w-fit gap-2 leading-snug group-data-[disabled=true]/field:opacity-50 has-data-checked:border-primary/30 has-data-checked:bg-primary/5 has-[>[data-slot=field]]:rounded-lg has-[>[data-slot=field]]:border has-[>[data-slot=field]]:not-has-[:disabled,[data-disabled]]:hover:bg-ui-muted/50 has-[>[data-slot=field]]:has-[:focus-visible]:border-ring has-[>[data-slot=field]]:has-[:focus-visible]:ring-3 has-[>[data-slot=field]]:has-[:focus-visible]:ring-ring/50 *:data-[slot=field]:p-2.5 dark:has-data-checked:border-primary/20 dark:has-data-checked:bg-primary/10 has-[>[data-slot=field]]:w-full has-[>[data-slot=field]]:flex-col"
+             data-slot="field-label"
+             for="_r_b_-case-number"
+           >
+             Case number
+           </label>
            <input
              autocomplete="off"
              class="h-8 w-full min-w-0 rounded-lg border border-input bg-transparent px-2.5 py-1 text-base transition-colors outline-none file:inline-flex file:h-6 file:border-0 file:bg-transparent file:text-sm file:font-medium file:text-foreground placeholder:text-ui-muted-foreground focus-visible:border-ring focus-visible:ring-3 focus-visible:ring-ring/50 disabled:pointer-events-none disabled:cursor-not-allowed disabled:bg-input/50 disabled:opacity-50 aria-invalid:border-destructive aria-invalid:ring-3 aria-invalid:ring-destructive/20 md:text-sm dark:bg-input/30 dark:disabled:bg-input/80 dark:aria-invalid:border-destructive/50 dark:aria-invalid:ring-destructive/40 min-h-11"
              data-slot="input"
+             id="_r_b_-case-number"
+             required=""
+             value="SYNTHETIC-001"
+           />
+         </div>
+         <div
+           class="group/field flex w-full gap-2 data-[invalid=true]:text-destructive flex-col *:w-full [&>.sr-only]:w-auto"
+           data-orientation="vertical"
+           data-slot="field"
+           role="group"
+         >
+           <label
+             class="items-center text-sm font-medium select-none group-data-[disabled=true]:pointer-events-none group-data-[disabled=true]:opacity-50 peer-disabled:cursor-not-allowed peer-disabled:opacity-50 group/field-label peer/field-label flex w-fit gap-2 leading-snug group-data-[disabled=true]/field:opacity-50 has-data-checked:border-primary/30 has-data-checked:bg-primary/5 has-[>[data-slot=field]]:rounded-lg has-[>[data-slot=field]]:border has-[>[data-slot=field]]:not-has-[:disabled,[data-disabled]]:hover:bg-ui-muted/50 has-[>[data-slot=field]]:has-[:focus-visible]:border-ring has-[>[data-slot=field]]:has-[:focus-visible]:ring-3 has-[>[data-slot=field]]:has-[:focus-visible]:ring-ring/50 *:data-[slot=field]:p-2.5 dark:has-data-checked:border-primary/20 dark:has-data-checked:bg-primary/10 has-[>[data-slot=field]]:w-full has-[>[data-slot=field]]:flex-col"
+             data-slot="field-label"
+             for="_r_b_-date-of-service"
+           >
+             Date of service
+           </label>
+           <input
+             class="h-8 w-full min-w-0 rounded-lg border border-input bg-transparent px-2.5 py-1 text-base transition-colors outline-none file:inline-flex file:h-6 file:border-0 file:bg-transparent file:text-sm file:font-medium file:text-foreground placeholder:text-ui-muted-foreground focus-visible:border-ring focus-visible:ring-3 focus-visible:ring-ring/50 disabled:pointer-events-none disabled:cursor-not-allowed disabled:bg-input/50 disabled:opacity-50 aria-invalid:border-destructive aria-invalid:ring-3 aria-invalid:ring-destructive/20 md:text-sm dark:bg-input/30 dark:disabled:bg-input/80 dark:aria-invalid:border-destructive/50 dark:aria-invalid:ring-destructive/40 min-h-11"
+             data-slot="input"
+             id="_r_b_-date-of-service"
+             type="date"
+             value=""
+           />
+         </div>
+         <div
+           class="group/field flex w-full gap-2 data-[invalid=true]:text-destructive flex-col *:w-full [&>.sr-only]:w-auto"
+           data-orientation="vertical"
+           data-slot="field"
+           role="group"
+         >
+           <label
+             class="items-center text-sm font-medium select-none group-data-[disabled=true]:pointer-events-none group-data-[disabled=true]:opacity-50 peer-disabled:cursor-not-allowed peer-disabled:opacity-50 group/field-label peer/field-label flex w-fit gap-2 leading-snug group-data-[disabled=true]/field:opacity-50 has-data-checked:border-primary/30 has-data-checked:bg-primary/5 has-[>[data-slot=field]]:rounded-lg has-[>[data-slot=field]]:border has-[>[data-slot=field]]:not-has-[:disabled,[data-disabled]]:hover:bg-ui-muted/50 has-[>[data-slot=field]]:has-[:focus-visible]:border-ring has-[>[data-slot=field]]:has-[:focus-visible]:ring-3 has-[>[data-slot=field]]:has-[:focus-visible]:ring-ring/50 *:data-[slot=field]:p-2.5 dark:has-data-checked:border-primary/20 dark:has-data-checked:bg-primary/10 has-[>[data-slot=field]]:w-full has-[>[data-slot=field]]:flex-col"
+             data-slot="field-label"
+             for="_r_b_-patient-id"
+           >
+             Patient identifier
+           </label>
+           <input
+             autocomplete="off"
+             class="h-8 w-full min-w-0 rounded-lg border border-input bg-transparent px-2.5 py-1 text-base transition-colors outline-none file:inline-flex file:h-6 file:border-0 file:bg-transparent file:text-sm file:font-medium file:text-foreground placeholder:text-ui-muted-foreground focus-visible:border-ring focus-visible:ring-3 focus-visible:ring-ring/50 disabled:pointer-events-none disabled:cursor-not-allowed disabled:bg-input/50 disabled:opacity-50 aria-invalid:border-destructive aria-invalid:ring-3 aria-invalid:ring-destructive/20 md:text-sm dark:bg-input/30 dark:disabled:bg-input/80 dark:aria-invalid:border-destructive/50 dark:aria-invalid:ring-destructive/40 min-h-11"
+             data-slot="input"
+             id="_r_b_-patient-id"
+             required=""
+             value="patient-1"
+           />
+           <p
+             class="text-left text-sm leading-normal font-normal text-ui-muted-foreground group-has-data-horizontal/field:text-balance [[data-variant=legend]+&]:-mt-1.5 last:mt-0 nth-last-2:-mt-1 [&>a]:underline [&>a]:underline-offset-4 [&>a:hover]:text-primary"
+             data-slot="field-description"
+           >
+             Use the authorized patient identifier from the practice system.
+           </p>
+         </div>
+         <div
+           class="group/field flex w-full gap-2 data-[invalid=true]:text-destructive flex-col *:w-full [&>.sr-only]:w-auto"
+           data-orientation="vertical"
+           data-slot="field"
+           role="group"
+         >
+           <label
+             class="items-center text-sm font-medium select-none group-data-[disabled=true]:pointer-events-none group-data-[disabled=true]:opacity-50 peer-disabled:cursor-not-allowed peer-disabled:opacity-50 group/field-label peer/field-label flex w-fit gap-2 leading-snug group-data-[disabled=true]/field:opacity-50 has-data-checked:border-primary/30 has-data-checked:bg-primary/5 has-[>[data-slot=field]]:rounded-lg has-[>[data-slot=field]]:border has-[>[data-slot=field]]:not-has-[:disabled,[data-disabled]]:hover:bg-ui-muted/50 has-[>[data-slot=field]]:has-[:focus-visible]:border-ring has-[>[data-slot=field]]:has-[:focus-visible]:ring-3 has-[>[data-slot=field]]:has-[:focus-visible]:ring-ring/50 *:data-[slot=field]:p-2.5 dark:has-data-checked:border-primary/20 dark:has-data-checked:bg-primary/10 has-[>[data-slot=field]]:w-full has-[>[data-slot=field]]:flex-col"
+             data-slot="field-label"
+             for="_r_b_-member-id"
+           >
+             Payer member identifier
+           </label>
+           <input
+             autocomplete="off"
+             class="h-8 w-full min-w-0 rounded-lg border border-input bg-transparent px-2.5 py-1 text-base transition-colors outline-none file:inline-flex file:h-6 file:border-0 file:bg-transparent file:text-sm file:font-medium file:text-foreground placeholder:text-ui-muted-foreground focus-visible:border-ring focus-visible:ring-3 focus-visible:ring-ring/50 disabled:pointer-events-none disabled:cursor-not-allowed disabled:bg-input/50 disabled:opacity-50 aria-invalid:border-destructive aria-invalid:ring-3 aria-invalid:ring-destructive/20 md:text-sm dark:bg-input/30 dark:disabled:bg-input/80 dark:aria-invalid:border-destructive/50 dark:aria-invalid:ring-destructive/40 min-h-11"
+             data-slot="input"
              id="_r_b_-member-id"
              value=""
            />
+         </div>
+         <div
+           class="group/field flex w-full gap-2 data-[invalid=true]:text-destructive flex-col *:w-full [&>.sr-only]:w-auto"
+           data-orientation="vertical"
+           data-slot="field"
+           role="group"
+         >
+           <label
+             class="items-center text-sm font-medium select-none group-data-[disabled=true]:pointer-events-none group-data-[disabled=true]:opacity-50 peer-disabled:cursor-not-allowed peer-disabled:opacity-50 group/field-label peer/field-label flex w-fit gap-2 leading-snug group-data-[disabled=true]/field:opacity-50 has-data-checked:border-primary/30 has-data-checked:bg-primary/5 has-[>[data-slot=field]]:rounded-lg has-[>[data-slot=field]]:border has-[>[data-slot=field]]:not-has-[:disabled,[data-disabled]]:hover:bg-ui-muted/50 has-[>[data-slot=field]]:has-[:focus-visible]:border-ring has-[>[data-slot=field]]:has-[:focus-visible]:ring-3 has-[>[data-slot=field]]:has-[:focus-visible]:ring-ring/50 *:data-[slot=field]:p-2.5 dark:has-data-checked:border-primary/20 dark:has-data-checked:bg-primary/10 has-[>[data-slot=field]]:w-full has-[>[data-slot=field]]:flex-col"
+             data-slot="field-label"
+             for="_r_b_-surgeon-id"
+           >
+             Surgeon identifier
+           </label>
+           <input
+             autocomplete="off"
+             class="h-8 w-full min-w-0 rounded-lg border border-input bg-transparent px-2.5 py-1 text-base transition-colors outline-none file:inline-flex file:h-6 file:border-0 file:bg-transparent file:text-sm file:font-medium file:text-foreground placeholder:text-ui-muted-foreground focus-visible:border-ring focus-visible:ring-3 focus-visible:ring-ring/50 disabled:pointer-events-none disabled:cursor-not-allowed disabled:bg-input/50 disabled:opacity-50 aria-invalid:border-destructive aria-invalid:ring-3 aria-invalid:ring-destructive/20 md:text-sm dark:bg-input/30 dark:disabled:bg-input/80 dark:aria-invalid:border-destructive/50 dark:aria-invalid:ring-destructive/40 min-h-11"
+             data-slot="input"
+             id="_r_b_-surgeon-id"
+             required=""
+             value="surgeon-1"
+           />
+         </div>
+         <div
+           class="group/field flex w-full gap-2 data-[invalid=true]:text-destructive flex-col *:w-full [&>.sr-only]:w-auto"
+           data-orientation="vertical"
+           data-slot="field"
+           role="group"
+         >
+           <label
+             class="items-center text-sm font-medium select-none group-data-[disabled=true]:pointer-events-none group-data-[disabled=true]:opacity-50 peer-disabled:cursor-not-allowed peer-disabled:opacity-50 group/field-label peer/field-label flex w-fit gap-2 leading-snug group-data-[disabled=true]/field:opacity-50 has-data-checked:border-primary/30 has-data-checked:bg-primary/5 has-[>[data-slot=field]]:rounded-lg has-[>[data-slot=field]]:border has-[>[data-slot=field]]:not-has-[:disabled,[data-disabled]]:hover:bg-ui-muted/50 has-[>[data-slot=field]]:has-[:focus-visible]:border-ring has-[>[data-slot=field]]:has-[:focus-visible]:ring-3 has-[>[data-slot=field]]:has-[:focus-visible]:ring-ring/50 *:data-[slot=field]:p-2.5 dark:has-data-checked:border-primary/20 dark:has-data-checked:bg-primary/10 has-[>[data-slot=field]]:w-full has-[>[data-slot=field]]:flex-col"
+             data-slot="field-label"
+             for="_r_b_-coordinator-id"
+           >
+             Coordinator identifier
+           </label>
+           <input
+             autocomplete="off"
+             class="h-8 w-full min-w-0 rounded-lg border border-input bg-transparent px-2.5 py-1 text-base transition-colors outline-none file:inline-flex file:h-6 file:border-0 file:bg-transparent file:text-sm file:font-medium file:text-foreground placeholder:text-ui-muted-foreground focus-visible:border-ring focus-visible:ring-3 focus-visible:ring-ring/50 disabled:pointer-events-none disabled:cursor-not-allowed disabled:bg-input/50 disabled:opacity-50 aria-invalid:border-destructive aria-invalid:ring-3 aria-invalid:ring-destructive/20 md:text-sm dark:bg-input/30 dark:disabled:bg-input/80 dark:aria-invalid:border-destructive/50 dark:aria-invalid:ring-destructive/40 min-h-11"
+             data-slot="input"
+             id="_r_b_-coordinator-id"
+             value=""
+           />
+         </div>
+         <div
+           class="group/field flex w-full gap-2 data-[invalid=true]:text-destructive flex-col *:w-full [&>.sr-only]:w-auto"
+           data-orientation="vertical"
+           data-slot="field"
+           role="group"
+         >
+           <label
+             class="items-center text-sm font-medium select-none group-data-[disabled=true]:pointer-events-none group-data-[disabled=true]:opacity-50 peer-disabled:cursor-not-allowed peer-disabled:opacity-50 group/field-label peer/field-label flex w-fit gap-2 leading-snug group-data-[disabled=true]/field:opacity-50 has-data-checked:border-primary/30 has-data-checked:bg-primary/5 has-[>[data-slot=field]]:rounded-lg has-[>[data-slot=field]]:border has-[>[data-slot=field]]:not-has-[:disabled,[data-disabled]]:hover:bg-ui-muted/50 has-[>[data-slot=field]]:has-[:focus-visible]:border-ring has-[>[data-slot=field]]:has-[:focus-visible]:ring-3 has-[>[data-slot=field]]:has-[:focus-visible]:ring-ring/50 *:data-[slot=field]:p-2.5 dark:has-data-checked:border-primary/20 dark:has-data-checked:bg-primary/10 has-[>[data-slot=field]]:w-full has-[>[data-slot=field]]:flex-col"
+             data-slot="field-label"
+             for="_r_b_-payer-id"
+           >
+             Payer identifier
+           </label>
+           <input
+             autocomplete="off"
+             class="h-8 w-full min-w-0 rounded-lg border border-input bg-transparent px-2.5 py-1 text-base transition-colors outline-none file:inline-flex file:h-6 file:border-0 file:bg-transparent file:text-sm file:font-medium file:text-foreground placeholder:text-ui-muted-foreground focus-visible:border-ring focus-visible:ring-3 focus-visible:ring-ring/50 disabled:pointer-events-none disabled:cursor-not-allowed disabled:bg-input/50 disabled:opacity-50 aria-invalid:border-destructive aria-invalid:ring-3 aria-invalid:ring-destructive/20 md:text-sm dark:bg-input/30 dark:disabled:bg-input/80 dark:aria-invalid:border-destructive/50 dark:aria-invalid:ring-destructive/40 min-h-11"
+             data-slot="input"
+             id="_r_b_-payer-id"
+             required=""
+             value="payer-1"
+           />
+         </div>
+         <div
+           class="group/field flex w-full gap-2 data-[invalid=true]:text-destructive flex-col *:w-full [&>.sr-only]:w-auto"
+           data-orientation="vertical"
+           data-slot="field"
+           role="group"
+         >
+           <label
+             class="items-center text-sm font-medium select-none group-data-[disabled=true]:pointer-events-none group-data-[disabled=true]:opacity-50 peer-disabled:cursor-not-allowed peer-disabled:opacity-50 group/field-label peer/field-label flex w-fit gap-2 leading-snug group-data-[disabled=true]/field:opacity-50 has-data-checked:border-primary/30 has-data-checked:bg-primary/5 has-[>[data-slot=field]]:rounded-lg has-[>[data-slot=field]]:border has-[>[data-slot=field]]:not-has-[:disabled,[data-disabled]]:hover:bg-ui-muted/50 has-[>[data-slot=field]]:has-[:focus-visible]:border-ring has-[>[data-slot=field]]:has-[:focus-visible]:ring-3 has-[>[data-slot=field]]:has-[:focus-visible]:ring-ring/50 *:data-[slot=field]:p-2.5 dark:has-data-checked:border-primary/20 dark:has-data-checked:bg-primary/10 has-[>[data-slot=field]]:w-full has-[>[data-slot=field]]:flex-col"
+             data-slot="field-label"
+             for="_r_b_-facility-id"
+           >
+             Facility identifier
+           </label>
+           <input
+             autocomplete="off"
+             class="h-8 w-full min-w-0 rounded-lg border border-input bg-transparent px-2.5 py-1 text-base transition-colors outline-none file:inline-flex file:h-6 file:border-0 file:bg-transparent file:text-sm file:font-medium file:text-foreground placeholder:text-ui-muted-foreground focus-visible:border-ring focus-visible:ring-3 focus-visible:ring-ring/50 disabled:pointer-events-none disabled:cursor-not-allowed disabled:bg-input/50 disabled:opacity-50 aria-invalid:border-destructive aria-invalid:ring-3 aria-invalid:ring-destructive/20 md:text-sm dark:bg-input/30 dark:disabled:bg-input/80 dark:aria-invalid:border-destructive/50 dark:aria-invalid:ring-destructive/40 min-h-11"
+             data-slot="input"
+             id="_r_b_-facility-id"
+             value=""
+           />
+         </div>
+         <div
+           class="group/field flex w-full gap-2 data-[invalid=true]:text-destructive flex-col *:w-full [&>.sr-only]:w-auto"
+           data-orientation="vertical"
+           data-slot="field"
+           role="group"
+         >
+           <label
+             class="items-center text-sm font-medium select-none group-data-[disabled=true]:pointer-events-none group-data-[disabled=true]:opacity-50 peer-disabled:cursor-not-allowed peer-disabled:opacity-50 group/field-label peer/field-label flex w-fit gap-2 leading-snug group-data-[disabled=true]/field:opacity-50 has-data-checked:border-primary/30 has-data-checked:bg-primary/5 has-[>[data-slot=field]]:rounded-lg has-[>[data-slot=field]]:border has-[>[data-slot=field]]:not-has-[:disabled,[data-disabled]]:hover:bg-ui-muted/50 has-[>[data-slot=field]]:has-[:focus-visible]:border-ring has-[>[data-slot=field]]:has-[:focus-visible]:ring-3 has-[>[data-slot=field]]:has-[:focus-visible]:ring-ring/50 *:data-[slot=field]:p-2.5 dark:has-data-checked:border-primary/20 dark:has-data-checked:bg-primary/10 has-[>[data-slot=field]]:w-full has-[>[data-slot=field]]:flex-col"
+             data-slot="field-label"
+             for="_r_b_-procedure-code"
+           >
+             Procedure code
+           </label>
+           <input
+             autocomplete="off"
+             class="h-8 w-full min-w-0 rounded-lg border border-input bg-transparent px-2.5 py-1 text-base transition-colors outline-none file:inline-flex file:h-6 file:border-0 file:bg-transparent file:text-sm file:font-medium file:text-foreground placeholder:text-ui-muted-foreground focus-visible:border-ring focus-visible:ring-3 focus-visible:ring-ring/50 disabled:pointer-events-none disabled:cursor-not-allowed disabled:bg-input/50 disabled:opacity-50 aria-invalid:border-destructive aria-invalid:ring-3 aria-invalid:ring-destructive/20 md:text-sm dark:bg-input/30 dark:disabled:bg-input/80 dark:aria-invalid:border-destructive/50 dark:aria-invalid:ring-destructive/40 min-h-11"
+             data-slot="input"
+             id="_r_b_-procedure-code"
+             value=""
+           />
+         </div>
+         <div
+           class="group/field flex w-full gap-2 data-[invalid=true]:text-destructive flex-col *:w-full [&>.sr-only]:w-auto"
+           data-orientation="vertical"
+           data-slot="field"
+           role="group"
+         >
+           <label
+             class="items-center text-sm font-medium select-none group-data-[disabled=true]:pointer-events-none group-data-[disabled=true]:opacity-50 peer-disabled:cursor-not-allowed peer-disabled:opacity-50 group/field-label peer/field-label flex w-fit gap-2 leading-snug group-data-[disabled=true]/field:opacity-50 has-data-checked:border-primary/30 has-data-checked:bg-primary/5 has-[>[data-slot=field]]:rounded-lg has-[>[data-slot=field]]:border has-[>[data-slot=field]]:not-has-[:disabled,[data-disabled]]:hover:bg-ui-muted/50 has-[>[data-slot=field]]:has-[:focus-visible]:border-ring has-[>[data-slot=field]]:has-[:focus-visible]:ring-3 has-[>[data-slot=field]]:has-[:focus-visible]:ring-ring/50 *:data-[slot=field]:p-2.5 dark:has-data-checked:border-primary/20 dark:has-data-checked:bg-primary/10 has-[>[data-slot=field]]:w-full has-[>[data-slot=field]]:flex-col"
+             data-slot="field-label"
+             for="_r_b_-plan-key"
+           >
+             Plan key
+           </label>
+           <input
+             autocomplete="off"
+             class="h-8 w-full min-w-0 rounded-lg border border-input bg-transparent px-2.5 py-1 text-base transition-colors outline-none file:inline-flex file:h-6 file:border-0 file:bg-transparent file:text-sm file:font-medium file:text-foreground placeholder:text-ui-muted-foreground focus-visible:border-ring focus-visible:ring-3 focus-visible:ring-ring/50 disabled:pointer-events-none disabled:cursor-not-allowed disabled:bg-input/50 disabled:opacity-50 aria-invalid:border-destructive aria-invalid:ring-3 aria-invalid:ring-destructive/20 md:text-sm dark:bg-input/30 dark:disabled:bg-input/80 dark:aria-invalid:border-destructive/50 dark:aria-invalid:ring-destructive/40 min-h-11"
+             data-slot="input"
+             id="_r_b_-plan-key"
+             value=""
+           />
+         </div>
+       </div>
+       <div
+         class="flex flex-col-reverse gap-2 sm:flex-row sm:justify-end"
+       >
+         <button
+           class="group/button inline-flex shrink-0 items-center justify-center rounded-lg border border-transparent bg-clip-padding text-sm font-medium whitespace-nowrap transition-all outline-none select-none focus-visible:border-ring focus-visible:ring-3 focus-visible:ring-ring/50 active:not-aria-[haspopup]:translate-y-px disabled:pointer-events-none disabled:opacity-50 aria-invalid:border-destructive aria-invalid:ring-3 aria-invalid:ring-destructive/20 dark:aria-invalid:border-destructive/50 dark:aria-invalid:ring-destructive/40 [&_svg]:pointer-events-none [&_svg]:shrink-0 [&_svg:not([class*='size-'])]:size-4 bg-primary text-primary-foreground hover:bg-primary/80 h-8 gap-1.5 px-2.5 has-data-[icon=inline-end]:pr-2 has-data-[icon=inline-start]:pl-2 min-h-11 w-full sm:w-auto"
+           data-slot="button"
+           tabindex="0"
+           type="submit"
+         >
+           Save case
+         </button>
+       </div>
+     </form>
+   </div>
+ </body>

 ❯ src/features/case-queue/components/case-form.test.tsx:67:36
     65|   ] as const)('focuses the requested missing %s field', (focusField, l…
     66|     render(<ControlledCaseForm onSubmit={vi.fn(async () => undefined)}…
     67|     expect(document.activeElement).toBe(screen.getByLabelText(label));
       |                                    ^
     68|   });
     69| });

⎯⎯⎯⎯⎯⎯⎯⎯⎯⎯⎯⎯⎯⎯⎯⎯⎯⎯⎯⎯⎯⎯⎯⎯[1/4]⎯

 FAIL  src/features/case-queue/components/case-form.test.tsx > case form adaptive interaction > focuses the requested missing planKey field
AssertionError: expected <body><div>…(1)</div></body> to be <input id="_r_m_-plan-key" …(4)></input> // Object.is equality

- Expected
+ Received

+ <body>
+   <div>
+     <form
+       aria-label="Case intake form"
+       class="grid gap-5"
+     >
+       <div
+         class="group/field-group @container/field-group w-full flex-col data-[slot=checkbox-group]:gap-3 *:data-[slot=field-group]:gap-4 grid gap-4 sm:grid-cols-2"
+         data-slot="field-group"
+       >
+         <div
+           class="group/field flex w-full gap-2 data-[invalid=true]:text-destructive flex-col *:w-full [&>.sr-only]:w-auto"
+           data-orientation="vertical"
+           data-slot="field"
+           role="group"
+         >
+           <label
+             class="items-center text-sm font-medium select-none group-data-[disabled=true]:pointer-events-none group-data-[disabled=true]:opacity-50 peer-disabled:cursor-not-allowed peer-disabled:opacity-50 group/field-label peer/field-label flex w-fit gap-2 leading-snug group-data-[disabled=true]/field:opacity-50 has-data-checked:border-primary/30 has-data-checked:bg-primary/5 has-[>[data-slot=field]]:rounded-lg has-[>[data-slot=field]]:border has-[>[data-slot=field]]:not-has-[:disabled,[data-disabled]]:hover:bg-ui-muted/50 has-[>[data-slot=field]]:has-[:focus-visible]:border-ring has-[>[data-slot=field]]:has-[:focus-visible]:ring-3 has-[>[data-slot=field]]:has-[:focus-visible]:ring-ring/50 *:data-[slot=field]:p-2.5 dark:has-data-checked:border-primary/20 dark:has-data-checked:bg-primary/10 has-[>[data-slot=field]]:w-full has-[>[data-slot=field]]:flex-col"
+             data-slot="field-label"
+             for="_r_m_-case-number"
+           >
+             Case number
+           </label>
            <input
              autocomplete="off"
              class="h-8 w-full min-w-0 rounded-lg border border-input bg-transparent px-2.5 py-1 text-base transition-colors outline-none file:inline-flex file:h-6 file:border-0 file:bg-transparent file:text-sm file:font-medium file:text-foreground placeholder:text-ui-muted-foreground focus-visible:border-ring focus-visible:ring-3 focus-visible:ring-ring/50 disabled:pointer-events-none disabled:cursor-not-allowed disabled:bg-input/50 disabled:opacity-50 aria-invalid:border-destructive aria-invalid:ring-3 aria-invalid:ring-destructive/20 md:text-sm dark:bg-input/30 dark:disabled:bg-input/80 dark:aria-invalid:border-destructive/50 dark:aria-invalid:ring-destructive/40 min-h-11"
              data-slot="input"
+             id="_r_m_-case-number"
+             required=""
+             value="SYNTHETIC-001"
+           />
+         </div>
+         <div
+           class="group/field flex w-full gap-2 data-[invalid=true]:text-destructive flex-col *:w-full [&>.sr-only]:w-auto"
+           data-orientation="vertical"
+           data-slot="field"
+           role="group"
+         >
+           <label
+             class="items-center text-sm font-medium select-none group-data-[disabled=true]:pointer-events-none group-data-[disabled=true]:opacity-50 peer-disabled:cursor-not-allowed peer-disabled:opacity-50 group/field-label peer/field-label flex w-fit gap-2 leading-snug group-data-[disabled=true]/field:opacity-50 has-data-checked:border-primary/30 has-data-checked:bg-primary/5 has-[>[data-slot=field]]:rounded-lg has-[>[data-slot=field]]:border has-[>[data-slot=field]]:not-has-[:disabled,[data-disabled]]:hover:bg-ui-muted/50 has-[>[data-slot=field]]:has-[:focus-visible]:border-ring has-[>[data-slot=field]]:has-[:focus-visible]:ring-3 has-[>[data-slot=field]]:has-[:focus-visible]:ring-ring/50 *:data-[slot=field]:p-2.5 dark:has-data-checked:border-primary/20 dark:has-data-checked:bg-primary/10 has-[>[data-slot=field]]:w-full has-[>[data-slot=field]]:flex-col"
+             data-slot="field-label"
+             for="_r_m_-date-of-service"
+           >
+             Date of service
+           </label>
+           <input
+             class="h-8 w-full min-w-0 rounded-lg border border-input bg-transparent px-2.5 py-1 text-base transition-colors outline-none file:inline-flex file:h-6 file:border-0 file:bg-transparent file:text-sm file:font-medium file:text-foreground placeholder:text-ui-muted-foreground focus-visible:border-ring focus-visible:ring-3 focus-visible:ring-ring/50 disabled:pointer-events-none disabled:cursor-not-allowed disabled:bg-input/50 disabled:opacity-50 aria-invalid:border-destructive aria-invalid:ring-3 aria-invalid:ring-destructive/20 md:text-sm dark:bg-input/30 dark:disabled:bg-input/80 dark:aria-invalid:border-destructive/50 dark:aria-invalid:ring-destructive/40 min-h-11"
+             data-slot="input"
+             id="_r_m_-date-of-service"
+             type="date"
+             value=""
+           />
+         </div>
+         <div
+           class="group/field flex w-full gap-2 data-[invalid=true]:text-destructive flex-col *:w-full [&>.sr-only]:w-auto"
+           data-orientation="vertical"
+           data-slot="field"
+           role="group"
+         >
+           <label
+             class="items-center text-sm font-medium select-none group-data-[disabled=true]:pointer-events-none group-data-[disabled=true]:opacity-50 peer-disabled:cursor-not-allowed peer-disabled:opacity-50 group/field-label peer/field-label flex w-fit gap-2 leading-snug group-data-[disabled=true]/field:opacity-50 has-data-checked:border-primary/30 has-data-checked:bg-primary/5 has-[>[data-slot=field]]:rounded-lg has-[>[data-slot=field]]:border has-[>[data-slot=field]]:not-has-[:disabled,[data-disabled]]:hover:bg-ui-muted/50 has-[>[data-slot=field]]:has-[:focus-visible]:border-ring has-[>[data-slot=field]]:has-[:focus-visible]:ring-3 has-[>[data-slot=field]]:has-[:focus-visible]:ring-ring/50 *:data-[slot=field]:p-2.5 dark:has-data-checked:border-primary/20 dark:has-data-checked:bg-primary/10 has-[>[data-slot=field]]:w-full has-[>[data-slot=field]]:flex-col"
+             data-slot="field-label"
+             for="_r_m_-patient-id"
+           >
+             Patient identifier
+           </label>
+           <input
+             autocomplete="off"
+             class="h-8 w-full min-w-0 rounded-lg border border-input bg-transparent px-2.5 py-1 text-base transition-colors outline-none file:inline-flex file:h-6 file:border-0 file:bg-transparent file:text-sm file:font-medium file:text-foreground placeholder:text-ui-muted-foreground focus-visible:border-ring focus-visible:ring-3 focus-visible:ring-ring/50 disabled:pointer-events-none disabled:cursor-not-allowed disabled:bg-input/50 disabled:opacity-50 aria-invalid:border-destructive aria-invalid:ring-3 aria-invalid:ring-destructive/20 md:text-sm dark:bg-input/30 dark:disabled:bg-input/80 dark:aria-invalid:border-destructive/50 dark:aria-invalid:ring-destructive/40 min-h-11"
+             data-slot="input"
+             id="_r_m_-patient-id"
+             required=""
+             value="patient-1"
+           />
+           <p
+             class="text-left text-sm leading-normal font-normal text-ui-muted-foreground group-has-data-horizontal/field:text-balance [[data-variant=legend]+&]:-mt-1.5 last:mt-0 nth-last-2:-mt-1 [&>a]:underline [&>a]:underline-offset-4 [&>a:hover]:text-primary"
+             data-slot="field-description"
+           >
+             Use the authorized patient identifier from the practice system.
+           </p>
+         </div>
+         <div
+           class="group/field flex w-full gap-2 data-[invalid=true]:text-destructive flex-col *:w-full [&>.sr-only]:w-auto"
+           data-orientation="vertical"
+           data-slot="field"
+           role="group"
+         >
+           <label
+             class="items-center text-sm font-medium select-none group-data-[disabled=true]:pointer-events-none group-data-[disabled=true]:opacity-50 peer-disabled:cursor-not-allowed peer-disabled:opacity-50 group/field-label peer/field-label flex w-fit gap-2 leading-snug group-data-[disabled=true]/field:opacity-50 has-data-checked:border-primary/30 has-data-checked:bg-primary/5 has-[>[data-slot=field]]:rounded-lg has-[>[data-slot=field]]:border has-[>[data-slot=field]]:not-has-[:disabled,[data-disabled]]:hover:bg-ui-muted/50 has-[>[data-slot=field]]:has-[:focus-visible]:border-ring has-[>[data-slot=field]]:has-[:focus-visible]:ring-3 has-[>[data-slot=field]]:has-[:focus-visible]:ring-ring/50 *:data-[slot=field]:p-2.5 dark:has-data-checked:border-primary/20 dark:has-data-checked:bg-primary/10 has-[>[data-slot=field]]:w-full has-[>[data-slot=field]]:flex-col"
+             data-slot="field-label"
+             for="_r_m_-member-id"
+           >
+             Payer member identifier
+           </label>
+           <input
+             autocomplete="off"
+             class="h-8 w-full min-w-0 rounded-lg border border-input bg-transparent px-2.5 py-1 text-base transition-colors outline-none file:inline-flex file:h-6 file:border-0 file:bg-transparent file:text-sm file:font-medium file:text-foreground placeholder:text-ui-muted-foreground focus-visible:border-ring focus-visible:ring-3 focus-visible:ring-ring/50 disabled:pointer-events-none disabled:cursor-not-allowed disabled:bg-input/50 disabled:opacity-50 aria-invalid:border-destructive aria-invalid:ring-3 aria-invalid:ring-destructive/20 md:text-sm dark:bg-input/30 dark:disabled:bg-input/80 dark:aria-invalid:border-destructive/50 dark:aria-invalid:ring-destructive/40 min-h-11"
+             data-slot="input"
+             id="_r_m_-member-id"
+             value=""
+           />
+         </div>
+         <div
+           class="group/field flex w-full gap-2 data-[invalid=true]:text-destructive flex-col *:w-full [&>.sr-only]:w-auto"
+           data-orientation="vertical"
+           data-slot="field"
+           role="group"
+         >
+           <label
+             class="items-center text-sm font-medium select-none group-data-[disabled=true]:pointer-events-none group-data-[disabled=true]:opacity-50 peer-disabled:cursor-not-allowed peer-disabled:opacity-50 group/field-label peer/field-label flex w-fit gap-2 leading-snug group-data-[disabled=true]/field:opacity-50 has-data-checked:border-primary/30 has-data-checked:bg-primary/5 has-[>[data-slot=field]]:rounded-lg has-[>[data-slot=field]]:border has-[>[data-slot=field]]:not-has-[:disabled,[data-disabled]]:hover:bg-ui-muted/50 has-[>[data-slot=field]]:has-[:focus-visible]:border-ring has-[>[data-slot=field]]:has-[:focus-visible]:ring-3 has-[>[data-slot=field]]:has-[:focus-visible]:ring-ring/50 *:data-[slot=field]:p-2.5 dark:has-data-checked:border-primary/20 dark:has-data-checked:bg-primary/10 has-[>[data-slot=field]]:w-full has-[>[data-slot=field]]:flex-col"
+             data-slot="field-label"
+             for="_r_m_-surgeon-id"
+           >
+             Surgeon identifier
+           </label>
+           <input
+             autocomplete="off"
+             class="h-8 w-full min-w-0 rounded-lg border border-input bg-transparent px-2.5 py-1 text-base transition-colors outline-none file:inline-flex file:h-6 file:border-0 file:bg-transparent file:text-sm file:font-medium file:text-foreground placeholder:text-ui-muted-foreground focus-visible:border-ring focus-visible:ring-3 focus-visible:ring-ring/50 disabled:pointer-events-none disabled:cursor-not-allowed disabled:bg-input/50 disabled:opacity-50 aria-invalid:border-destructive aria-invalid:ring-3 aria-invalid:ring-destructive/20 md:text-sm dark:bg-input/30 dark:disabled:bg-input/80 dark:aria-invalid:border-destructive/50 dark:aria-invalid:ring-destructive/40 min-h-11"
+             data-slot="input"
+             id="_r_m_-surgeon-id"
+             required=""
+             value="surgeon-1"
+           />
+         </div>
+         <div
+           class="group/field flex w-full gap-2 data-[invalid=true]:text-destructive flex-col *:w-full [&>.sr-only]:w-auto"
+           data-orientation="vertical"
+           data-slot="field"
+           role="group"
+         >
+           <label
+             class="items-center text-sm font-medium select-none group-data-[disabled=true]:pointer-events-none group-data-[disabled=true]:opacity-50 peer-disabled:cursor-not-allowed peer-disabled:opacity-50 group/field-label peer/field-label flex w-fit gap-2 leading-snug group-data-[disabled=true]/field:opacity-50 has-data-checked:border-primary/30 has-data-checked:bg-primary/5 has-[>[data-slot=field]]:rounded-lg has-[>[data-slot=field]]:border has-[>[data-slot=field]]:not-has-[:disabled,[data-disabled]]:hover:bg-ui-muted/50 has-[>[data-slot=field]]:has-[:focus-visible]:border-ring has-[>[data-slot=field]]:has-[:focus-visible]:ring-3 has-[>[data-slot=field]]:has-[:focus-visible]:ring-ring/50 *:data-[slot=field]:p-2.5 dark:has-data-checked:border-primary/20 dark:has-data-checked:bg-primary/10 has-[>[data-slot=field]]:w-full has-[>[data-slot=field]]:flex-col"
+             data-slot="field-label"
+             for="_r_m_-coordinator-id"
+           >
+             Coordinator identifier
+           </label>
+           <input
+             autocomplete="off"
+             class="h-8 w-full min-w-0 rounded-lg border border-input bg-transparent px-2.5 py-1 text-base transition-colors outline-none file:inline-flex file:h-6 file:border-0 file:bg-transparent file:text-sm file:font-medium file:text-foreground placeholder:text-ui-muted-foreground focus-visible:border-ring focus-visible:ring-3 focus-visible:ring-ring/50 disabled:pointer-events-none disabled:cursor-not-allowed disabled:bg-input/50 disabled:opacity-50 aria-invalid:border-destructive aria-invalid:ring-3 aria-invalid:ring-destructive/20 md:text-sm dark:bg-input/30 dark:disabled:bg-input/80 dark:aria-invalid:border-destructive/50 dark:aria-invalid:ring-destructive/40 min-h-11"
+             data-slot="input"
+             id="_r_m_-coordinator-id"
+             value=""
+           />
+         </div>
+         <div
+           class="group/field flex w-full gap-2 data-[invalid=true]:text-destructive flex-col *:w-full [&>.sr-only]:w-auto"
+           data-orientation="vertical"
+           data-slot="field"
+           role="group"
+         >
+           <label
+             class="items-center text-sm font-medium select-none group-data-[disabled=true]:pointer-events-none group-data-[disabled=true]:opacity-50 peer-disabled:cursor-not-allowed peer-disabled:opacity-50 group/field-label peer/field-label flex w-fit gap-2 leading-snug group-data-[disabled=true]/field:opacity-50 has-data-checked:border-primary/30 has-data-checked:bg-primary/5 has-[>[data-slot=field]]:rounded-lg has-[>[data-slot=field]]:border has-[>[data-slot=field]]:not-has-[:disabled,[data-disabled]]:hover:bg-ui-muted/50 has-[>[data-slot=field]]:has-[:focus-visible]:border-ring has-[>[data-slot=field]]:has-[:focus-visible]:ring-3 has-[>[data-slot=field]]:has-[:focus-visible]:ring-ring/50 *:data-[slot=field]:p-2.5 dark:has-data-checked:border-primary/20 dark:has-data-checked:bg-primary/10 has-[>[data-slot=field]]:w-full has-[>[data-slot=field]]:flex-col"
+             data-slot="field-label"
+             for="_r_m_-payer-id"
+           >
+             Payer identifier
+           </label>
+           <input
+             autocomplete="off"
+             class="h-8 w-full min-w-0 rounded-lg border border-input bg-transparent px-2.5 py-1 text-base transition-colors outline-none file:inline-flex file:h-6 file:border-0 file:bg-transparent file:text-sm file:font-medium file:text-foreground placeholder:text-ui-muted-foreground focus-visible:border-ring focus-visible:ring-3 focus-visible:ring-ring/50 disabled:pointer-events-none disabled:cursor-not-allowed disabled:bg-input/50 disabled:opacity-50 aria-invalid:border-destructive aria-invalid:ring-3 aria-invalid:ring-destructive/20 md:text-sm dark:bg-input/30 dark:disabled:bg-input/80 dark:aria-invalid:border-destructive/50 dark:aria-invalid:ring-destructive/40 min-h-11"
+             data-slot="input"
+             id="_r_m_-payer-id"
+             required=""
+             value="payer-1"
+           />
+         </div>
+         <div
+           class="group/field flex w-full gap-2 data-[invalid=true]:text-destructive flex-col *:w-full [&>.sr-only]:w-auto"
+           data-orientation="vertical"
+           data-slot="field"
+           role="group"
+         >
+           <label
+             class="items-center text-sm font-medium select-none group-data-[disabled=true]:pointer-events-none group-data-[disabled=true]:opacity-50 peer-disabled:cursor-not-allowed peer-disabled:opacity-50 group/field-label peer/field-label flex w-fit gap-2 leading-snug group-data-[disabled=true]/field:opacity-50 has-data-checked:border-primary/30 has-data-checked:bg-primary/5 has-[>[data-slot=field]]:rounded-lg has-[>[data-slot=field]]:border has-[>[data-slot=field]]:not-has-[:disabled,[data-disabled]]:hover:bg-ui-muted/50 has-[>[data-slot=field]]:has-[:focus-visible]:border-ring has-[>[data-slot=field]]:has-[:focus-visible]:ring-3 has-[>[data-slot=field]]:has-[:focus-visible]:ring-ring/50 *:data-[slot=field]:p-2.5 dark:has-data-checked:border-primary/20 dark:has-data-checked:bg-primary/10 has-[>[data-slot=field]]:w-full has-[>[data-slot=field]]:flex-col"
+             data-slot="field-label"
+             for="_r_m_-facility-id"
+           >
+             Facility identifier
+           </label>
+           <input
+             autocomplete="off"
+             class="h-8 w-full min-w-0 rounded-lg border border-input bg-transparent px-2.5 py-1 text-base transition-colors outline-none file:inline-flex file:h-6 file:border-0 file:bg-transparent file:text-sm file:font-medium file:text-foreground placeholder:text-ui-muted-foreground focus-visible:border-ring focus-visible:ring-3 focus-visible:ring-ring/50 disabled:pointer-events-none disabled:cursor-not-allowed disabled:bg-input/50 disabled:opacity-50 aria-invalid:border-destructive aria-invalid:ring-3 aria-invalid:ring-destructive/20 md:text-sm dark:bg-input/30 dark:disabled:bg-input/80 dark:aria-invalid:border-destructive/50 dark:aria-invalid:ring-destructive/40 min-h-11"
+             data-slot="input"
+             id="_r_m_-facility-id"
+             value=""
+           />
+         </div>
+         <div
+           class="group/field flex w-full gap-2 data-[invalid=true]:text-destructive flex-col *:w-full [&>.sr-only]:w-auto"
+           data-orientation="vertical"
+           data-slot="field"
+           role="group"
+         >
+           <label
+             class="items-center text-sm font-medium select-none group-data-[disabled=true]:pointer-events-none group-data-[disabled=true]:opacity-50 peer-disabled:cursor-not-allowed peer-disabled:opacity-50 group/field-label peer/field-label flex w-fit gap-2 leading-snug group-data-[disabled=true]/field:opacity-50 has-data-checked:border-primary/30 has-data-checked:bg-primary/5 has-[>[data-slot=field]]:rounded-lg has-[>[data-slot=field]]:border has-[>[data-slot=field]]:not-has-[:disabled,[data-disabled]]:hover:bg-ui-muted/50 has-[>[data-slot=field]]:has-[:focus-visible]:border-ring has-[>[data-slot=field]]:has-[:focus-visible]:ring-3 has-[>[data-slot=field]]:has-[:focus-visible]:ring-ring/50 *:data-[slot=field]:p-2.5 dark:has-data-checked:border-primary/20 dark:has-data-checked:bg-primary/10 has-[>[data-slot=field]]:w-full has-[>[data-slot=field]]:flex-col"
+             data-slot="field-label"
+             for="_r_m_-procedure-code"
+           >
+             Procedure code
+           </label>
+           <input
+             autocomplete="off"
+             class="h-8 w-full min-w-0 rounded-lg border border-input bg-transparent px-2.5 py-1 text-base transition-colors outline-none file:inline-flex file:h-6 file:border-0 file:bg-transparent file:text-sm file:font-medium file:text-foreground placeholder:text-ui-muted-foreground focus-visible:border-ring focus-visible:ring-3 focus-visible:ring-ring/50 disabled:pointer-events-none disabled:cursor-not-allowed disabled:bg-input/50 disabled:opacity-50 aria-invalid:border-destructive aria-invalid:ring-3 aria-invalid:ring-destructive/20 md:text-sm dark:bg-input/30 dark:disabled:bg-input/80 dark:aria-invalid:border-destructive/50 dark:aria-invalid:ring-destructive/40 min-h-11"
+             data-slot="input"
+             id="_r_m_-procedure-code"
+             value=""
+           />
+         </div>
+         <div
+           class="group/field flex w-full gap-2 data-[invalid=true]:text-destructive flex-col *:w-full [&>.sr-only]:w-auto"
+           data-orientation="vertical"
+           data-slot="field"
+           role="group"
+         >
+           <label
+             class="items-center text-sm font-medium select-none group-data-[disabled=true]:pointer-events-none group-data-[disabled=true]:opacity-50 peer-disabled:cursor-not-allowed peer-disabled:opacity-50 group/field-label peer/field-label flex w-fit gap-2 leading-snug group-data-[disabled=true]/field:opacity-50 has-data-checked:border-primary/30 has-data-checked:bg-primary/5 has-[>[data-slot=field]]:rounded-lg has-[>[data-slot=field]]:border has-[>[data-slot=field]]:not-has-[:disabled,[data-disabled]]:hover:bg-ui-muted/50 has-[>[data-slot=field]]:has-[:focus-visible]:border-ring has-[>[data-slot=field]]:has-[:focus-visible]:ring-3 has-[>[data-slot=field]]:has-[:focus-visible]:ring-ring/50 *:data-[slot=field]:p-2.5 dark:has-data-checked:border-primary/20 dark:has-data-checked:bg-primary/10 has-[>[data-slot=field]]:w-full has-[>[data-slot=field]]:flex-col"
+             data-slot="field-label"
+             for="_r_m_-plan-key"
+           >
+             Plan key
+           </label>
+           <input
+             autocomplete="off"
+             class="h-8 w-full min-w-0 rounded-lg border border-input bg-transparent px-2.5 py-1 text-base transition-colors outline-none file:inline-flex file:h-6 file:border-0 file:bg-transparent file:text-sm file:font-medium file:text-foreground placeholder:text-ui-muted-foreground focus-visible:border-ring focus-visible:ring-3 focus-visible:ring-ring/50 disabled:pointer-events-none disabled:cursor-not-allowed disabled:bg-input/50 disabled:opacity-50 aria-invalid:border-destructive aria-invalid:ring-3 aria-invalid:ring-destructive/20 md:text-sm dark:bg-input/30 dark:disabled:bg-input/80 dark:aria-invalid:border-destructive/50 dark:aria-invalid:ring-destructive/40 min-h-11"
+             data-slot="input"
              id="_r_m_-plan-key"
              value=""
            />
+         </div>
+       </div>
+       <div
+         class="flex flex-col-reverse gap-2 sm:flex-row sm:justify-end"
+       >
+         <button
+           class="group/button inline-flex shrink-0 items-center justify-center rounded-lg border border-transparent bg-clip-padding text-sm font-medium whitespace-nowrap transition-all outline-none select-none focus-visible:border-ring focus-visible:ring-3 focus-visible:ring-ring/50 active:not-aria-[haspopup]:translate-y-px disabled:pointer-events-none disabled:opacity-50 aria-invalid:border-destructive aria-invalid:ring-3 aria-invalid:ring-destructive/20 dark:aria-invalid:border-destructive/50 dark:aria-invalid:ring-destructive/40 [&_svg]:pointer-events-none [&_svg]:shrink-0 [&_svg:not([class*='size-'])]:size-4 bg-primary text-primary-foreground hover:bg-primary/80 h-8 gap-1.5 px-2.5 has-data-[icon=inline-end]:pr-2 has-data-[icon=inline-start]:pl-2 min-h-11 w-full sm:w-auto"
+           data-slot="button"
+           tabindex="0"
+           type="submit"
+         >
+           Save case
+         </button>
+       </div>
+     </form>
+   </div>
+ </body>

 ❯ src/features/case-queue/components/case-form.test.tsx:67:36
     65|   ] as const)('focuses the requested missing %s field', (focusField, l…
     66|     render(<ControlledCaseForm onSubmit={vi.fn(async () => undefined)}…
     67|     expect(document.activeElement).toBe(screen.getByLabelText(label));
       |                                    ^
     68|   });
     69| });

⎯⎯⎯⎯⎯⎯⎯⎯⎯⎯⎯⎯⎯⎯⎯⎯⎯⎯⎯⎯⎯⎯⎯⎯[2/4]⎯

 FAIL  src/features/case-queue/components/case-form.test.tsx > case form adaptive interaction > focuses the requested missing procedureCode field
 FAIL  src/features/case-queue/components/case-form.test.tsx > case form adaptive interaction > focuses the requested missing dateOfService field
AssertionError: expected <body><div>…(1)</div></body> to be <input …(5)></input> // Object.is equality

- Expected
+ Received

+ <body>
+   <div>
+     <form
+       aria-label="Case intake form"
+       class="grid gap-5"
+     >
+       <div
+         class="group/field-group @container/field-group w-full flex-col data-[slot=checkbox-group]:gap-3 *:data-[slot=field-group]:gap-4 grid gap-4 sm:grid-cols-2"
+         data-slot="field-group"
+       >
+         <div
+           class="group/field flex w-full gap-2 data-[invalid=true]:text-destructive flex-col *:w-full [&>.sr-only]:w-auto"
+           data-orientation="vertical"
+           data-slot="field"
+           role="group"
+         >
+           <label
+             class="items-center text-sm font-medium select-none group-data-[disabled=true]:pointer-events-none group-data-[disabled=true]:opacity-50 peer-disabled:cursor-not-allowed peer-disabled:opacity-50 group/field-label peer/field-label flex w-fit gap-2 leading-snug group-data-[disabled=true]/field:opacity-50 has-data-checked:border-primary/30 has-data-checked:bg-primary/5 has-[>[data-slot=field]]:rounded-lg has-[>[data-slot=field]]:border has-[>[data-slot=field]]:not-has-[:disabled,[data-disabled]]:hover:bg-ui-muted/50 has-[>[data-slot=field]]:has-[:focus-visible]:border-ring has-[>[data-slot=field]]:has-[:focus-visible]:ring-3 has-[>[data-slot=field]]:has-[:focus-visible]:ring-ring/50 *:data-[slot=field]:p-2.5 dark:has-data-checked:border-primary/20 dark:has-data-checked:bg-primary/10 has-[>[data-slot=field]]:w-full has-[>[data-slot=field]]:flex-col"
+             data-slot="field-label"
+             for="_r_11_-case-number"
+           >
+             Case number
+           </label>
            <input
              autocomplete="off"
              class="h-8 w-full min-w-0 rounded-lg border border-input bg-transparent px-2.5 py-1 text-base transition-colors outline-none file:inline-flex file:h-6 file:border-0 file:bg-transparent file:text-sm file:font-medium file:text-foreground placeholder:text-ui-muted-foreground focus-visible:border-ring focus-visible:ring-3 focus-visible:ring-ring/50 disabled:pointer-events-none disabled:cursor-not-allowed disabled:bg-input/50 disabled:opacity-50 aria-invalid:border-destructive aria-invalid:ring-3 aria-invalid:ring-destructive/20 md:text-sm dark:bg-input/30 dark:disabled:bg-input/80 dark:aria-invalid:border-destructive/50 dark:aria-invalid:ring-destructive/40 min-h-11"
              data-slot="input"
+             id="_r_11_-case-number"
+             required=""
+             value="SYNTHETIC-001"
+           />
+         </div>
+         <div
+           class="group/field flex w-full gap-2 data-[invalid=true]:text-destructive flex-col *:w-full [&>.sr-only]:w-auto"
+           data-orientation="vertical"
+           data-slot="field"
+           role="group"
+         >
+           <label
+             class="items-center text-sm font-medium select-none group-data-[disabled=true]:pointer-events-none group-data-[disabled=true]:opacity-50 peer-disabled:cursor-not-allowed peer-disabled:opacity-50 group/field-label peer/field-label flex w-fit gap-2 leading-snug group-data-[disabled=true]/field:opacity-50 has-data-checked:border-primary/30 has-data-checked:bg-primary/5 has-[>[data-slot=field]]:rounded-lg has-[>[data-slot=field]]:border has-[>[data-slot=field]]:not-has-[:disabled,[data-disabled]]:hover:bg-ui-muted/50 has-[>[data-slot=field]]:has-[:focus-visible]:border-ring has-[>[data-slot=field]]:has-[:focus-visible]:ring-3 has-[>[data-slot=field]]:has-[:focus-visible]:ring-ring/50 *:data-[slot=field]:p-2.5 dark:has-data-checked:border-primary/20 dark:has-data-checked:bg-primary/10 has-[>[data-slot=field]]:w-full has-[>[data-slot=field]]:flex-col"
+             data-slot="field-label"
+             for="_r_11_-date-of-service"
+           >
+             Date of service
+           </label>
+           <input
+             class="h-8 w-full min-w-0 rounded-lg border border-input bg-transparent px-2.5 py-1 text-base transition-colors outline-none file:inline-flex file:h-6 file:border-0 file:bg-transparent file:text-sm file:font-medium file:text-foreground placeholder:text-ui-muted-foreground focus-visible:border-ring focus-visible:ring-3 focus-visible:ring-ring/50 disabled:pointer-events-none disabled:cursor-not-allowed disabled:bg-input/50 disabled:opacity-50 aria-invalid:border-destructive aria-invalid:ring-3 aria-invalid:ring-destructive/20 md:text-sm dark:bg-input/30 dark:disabled:bg-input/80 dark:aria-invalid:border-destructive/50 dark:aria-invalid:ring-destructive/40 min-h-11"
+             data-slot="input"
+             id="_r_11_-date-of-service"
+             type="date"
+             value=""
+           />
+         </div>
+         <div
+           class="group/field flex w-full gap-2 data-[invalid=true]:text-destructive flex-col *:w-full [&>.sr-only]:w-auto"
+           data-orientation="vertical"
+           data-slot="field"
+           role="group"
+         >
+           <label
+             class="items-center text-sm font-medium select-none group-data-[disabled=true]:pointer-events-none group-data-[disabled=true]:opacity-50 peer-disabled:cursor-not-allowed peer-disabled:opacity-50 group/field-label peer/field-label flex w-fit gap-2 leading-snug group-data-[disabled=true]/field:opacity-50 has-data-checked:border-primary/30 has-data-checked:bg-primary/5 has-[>[data-slot=field]]:rounded-lg has-[>[data-slot=field]]:border has-[>[data-slot=field]]:not-has-[:disabled,[data-disabled]]:hover:bg-ui-muted/50 has-[>[data-slot=field]]:has-[:focus-visible]:border-ring has-[>[data-slot=field]]:has-[:focus-visible]:ring-3 has-[>[data-slot=field]]:has-[:focus-visible]:ring-ring/50 *:data-[slot=field]:p-2.5 dark:has-data-checked:border-primary/20 dark:has-data-checked:bg-primary/10 has-[>[data-slot=field]]:w-full has-[>[data-slot=field]]:flex-col"
+             data-slot="field-label"
+             for="_r_11_-patient-id"
+           >
+             Patient identifier
+           </label>
+           <input
+             autocomplete="off"
+             class="h-8 w-full min-w-0 rounded-lg border border-input bg-transparent px-2.5 py-1 text-base transition-colors outline-none file:inline-flex file:h-6 file:border-0 file:bg-transparent file:text-sm file:font-medium file:text-foreground placeholder:text-ui-muted-foreground focus-visible:border-ring focus-visible:ring-3 focus-visible:ring-ring/50 disabled:pointer-events-none disabled:cursor-not-allowed disabled:bg-input/50 disabled:opacity-50 aria-invalid:border-destructive aria-invalid:ring-3 aria-invalid:ring-destructive/20 md:text-sm dark:bg-input/30 dark:disabled:bg-input/80 dark:aria-invalid:border-destructive/50 dark:aria-invalid:ring-destructive/40 min-h-11"
+             data-slot="input"
+             id="_r_11_-patient-id"
+             required=""
+             value="patient-1"
+           />
+           <p
+             class="text-left text-sm leading-normal font-normal text-ui-muted-foreground group-has-data-horizontal/field:text-balance [[data-variant=legend]+&]:-mt-1.5 last:mt-0 nth-last-2:-mt-1 [&>a]:underline [&>a]:underline-offset-4 [&>a:hover]:text-primary"
+             data-slot="field-description"
+           >
+             Use the authorized patient identifier from the practice system.
+           </p>
+         </div>
+         <div
+           class="group/field flex w-full gap-2 data-[invalid=true]:text-destructive flex-col *:w-full [&>.sr-only]:w-auto"
+           data-orientation="vertical"
+           data-slot="field"
+           role="group"
+         >
+           <label
+             class="items-center text-sm font-medium select-none group-data-[disabled=true]:pointer-events-none group-data-[disabled=true]:opacity-50 peer-disabled:cursor-not-allowed peer-disabled:opacity-50 group/field-label peer/field-label flex w-fit gap-2 leading-snug group-data-[disabled=true]/field:opacity-50 has-data-checked:border-primary/30 has-data-checked:bg-primary/5 has-[>[data-slot=field]]:rounded-lg has-[>[data-slot=field]]:border has-[>[data-slot=field]]:not-has-[:disabled,[data-disabled]]:hover:bg-ui-muted/50 has-[>[data-slot=field]]:has-[:focus-visible]:border-ring has-[>[data-slot=field]]:has-[:focus-visible]:ring-3 has-[>[data-slot=field]]:has-[:focus-visible]:ring-ring/50 *:data-[slot=field]:p-2.5 dark:has-data-checked:border-primary/20 dark:has-data-checked:bg-primary/10 has-[>[data-slot=field]]:w-full has-[>[data-slot=field]]:flex-col"
+             data-slot="field-label"
+             for="_r_11_-member-id"
+           >
+             Payer member identifier
+           </label>
+           <input
+             autocomplete="off"
+             class="h-8 w-full min-w-0 rounded-lg border border-input bg-transparent px-2.5 py-1 text-base transition-colors outline-none file:inline-flex file:h-6 file:border-0 file:bg-transparent file:text-sm file:font-medium file:text-foreground placeholder:text-ui-muted-foreground focus-visible:border-ring focus-visible:ring-3 focus-visible:ring-ring/50 disabled:pointer-events-none disabled:cursor-not-allowed disabled:bg-input/50 disabled:opacity-50 aria-invalid:border-destructive aria-invalid:ring-3 aria-invalid:ring-destructive/20 md:text-sm dark:bg-input/30 dark:disabled:bg-input/80 dark:aria-invalid:border-destructive/50 dark:aria-invalid:ring-destructive/40 min-h-11"
+             data-slot="input"
+             id="_r_11_-member-id"
+             value=""
+           />
+         </div>
+         <div
+           class="group/field flex w-full gap-2 data-[invalid=true]:text-destructive flex-col *:w-full [&>.sr-only]:w-auto"
+           data-orientation="vertical"
+           data-slot="field"
+           role="group"
+         >
+           <label
+             class="items-center text-sm font-medium select-none group-data-[disabled=true]:pointer-events-none group-data-[disabled=true]:opacity-50 peer-disabled:cursor-not-allowed peer-disabled:opacity-50 group/field-label peer/field-label flex w-fit gap-2 leading-snug group-data-[disabled=true]/field:opacity-50 has-data-checked:border-primary/30 has-data-checked:bg-primary/5 has-[>[data-slot=field]]:rounded-lg has-[>[data-slot=field]]:border has-[>[data-slot=field]]:not-has-[:disabled,[data-disabled]]:hover:bg-ui-muted/50 has-[>[data-slot=field]]:has-[:focus-visible]:border-ring has-[>[data-slot=field]]:has-[:focus-visible]:ring-3 has-[>[data-slot=field]]:has-[:focus-visible]:ring-ring/50 *:data-[slot=field]:p-2.5 dark:has-data-checked:border-primary/20 dark:has-data-checked:bg-primary/10 has-[>[data-slot=field]]:w-full has-[>[data-slot=field]]:flex-col"
+             data-slot="field-label"
+             for="_r_11_-surgeon-id"
+           >
+             Surgeon identifier
+           </label>
+           <input
+             autocomplete="off"
+             class="h-8 w-full min-w-0 rounded-lg border border-input bg-transparent px-2.5 py-1 text-base transition-colors outline-none file:inline-flex file:h-6 file:border-0 file:bg-transparent file:text-sm file:font-medium file:text-foreground placeholder:text-ui-muted-foreground focus-visible:border-ring focus-visible:ring-3 focus-visible:ring-ring/50 disabled:pointer-events-none disabled:cursor-not-allowed disabled:bg-input/50 disabled:opacity-50 aria-invalid:border-destructive aria-invalid:ring-3 aria-invalid:ring-destructive/20 md:text-sm dark:bg-input/30 dark:disabled:bg-input/80 dark:aria-invalid:border-destructive/50 dark:aria-invalid:ring-destructive/40 min-h-11"
+             data-slot="input"
+             id="_r_11_-surgeon-id"
+             required=""
+             value="surgeon-1"
+           />
+         </div>
+         <div
+           class="group/field flex w-full gap-2 data-[invalid=true]:text-destructive flex-col *:w-full [&>.sr-only]:w-auto"
+           data-orientation="vertical"
+           data-slot="field"
+           role="group"
+         >
+           <label
+             class="items-center text-sm font-medium select-none group-data-[disabled=true]:pointer-events-none group-data-[disabled=true]:opacity-50 peer-disabled:cursor-not-allowed peer-disabled:opacity-50 group/field-label peer/field-label flex w-fit gap-2 leading-snug group-data-[disabled=true]/field:opacity-50 has-data-checked:border-primary/30 has-data-checked:bg-primary/5 has-[>[data-slot=field]]:rounded-lg has-[>[data-slot=field]]:border has-[>[data-slot=field]]:not-has-[:disabled,[data-disabled]]:hover:bg-ui-muted/50 has-[>[data-slot=field]]:has-[:focus-visible]:border-ring has-[>[data-slot=field]]:has-[:focus-visible]:ring-3 has-[>[data-slot=field]]:has-[:focus-visible]:ring-ring/50 *:data-[slot=field]:p-2.5 dark:has-data-checked:border-primary/20 dark:has-data-checked:bg-primary/10 has-[>[data-slot=field]]:w-full has-[>[data-slot=field]]:flex-col"
+             data-slot="field-label"
+             for="_r_11_-coordinator-id"
+           >
+             Coordinator identifier
+           </label>
+           <input
+             autocomplete="off"
+             class="h-8 w-full min-w-0 rounded-lg border border-input bg-transparent px-2.5 py-1 text-base transition-colors outline-none file:inline-flex file:h-6 file:border-0 file:bg-transparent file:text-sm file:font-medium file:text-foreground placeholder:text-ui-muted-foreground focus-visible:border-ring focus-visible:ring-3 focus-visible:ring-ring/50 disabled:pointer-events-none disabled:cursor-not-allowed disabled:bg-input/50 disabled:opacity-50 aria-invalid:border-destructive aria-invalid:ring-3 aria-invalid:ring-destructive/20 md:text-sm dark:bg-input/30 dark:disabled:bg-input/80 dark:aria-invalid:border-destructive/50 dark:aria-invalid:ring-destructive/40 min-h-11"
+             data-slot="input"
+             id="_r_11_-coordinator-id"
+             value=""
+           />
+         </div>
+         <div
+           class="group/field flex w-full gap-2 data-[invalid=true]:text-destructive flex-col *:w-full [&>.sr-only]:w-auto"
+           data-orientation="vertical"
+           data-slot="field"
+           role="group"
+         >
+           <label
+             class="items-center text-sm font-medium select-none group-data-[disabled=true]:pointer-events-none group-data-[disabled=true]:opacity-50 peer-disabled:cursor-not-allowed peer-disabled:opacity-50 group/field-label peer/field-label flex w-fit gap-2 leading-snug group-data-[disabled=true]/field:opacity-50 has-data-checked:border-primary/30 has-data-checked:bg-primary/5 has-[>[data-slot=field]]:rounded-lg has-[>[data-slot=field]]:border has-[>[data-slot=field]]:not-has-[:disabled,[data-disabled]]:hover:bg-ui-muted/50 has-[>[data-slot=field]]:has-[:focus-visible]:border-ring has-[>[data-slot=field]]:has-[:focus-visible]:ring-3 has-[>[data-slot=field]]:has-[:focus-visible]:ring-ring/50 *:data-[slot=field]:p-2.5 dark:has-data-checked:border-primary/20 dark:has-data-checked:bg-primary/10 has-[>[data-slot=field]]:w-full has-[>[data-slot=field]]:flex-col"
+             data-slot="field-label"
+             for="_r_11_-payer-id"
+           >
+             Payer identifier
+           </label>
+           <input
+             autocomplete="off"
+             class="h-8 w-full min-w-0 rounded-lg border border-input bg-transparent px-2.5 py-1 text-base transition-colors outline-none file:inline-flex file:h-6 file:border-0 file:bg-transparent file:text-sm file:font-medium file:text-foreground placeholder:text-ui-muted-foreground focus-visible:border-ring focus-visible:ring-3 focus-visible:ring-ring/50 disabled:pointer-events-none disabled:cursor-not-allowed disabled:bg-input/50 disabled:opacity-50 aria-invalid:border-destructive aria-invalid:ring-3 aria-invalid:ring-destructive/20 md:text-sm dark:bg-input/30 dark:disabled:bg-input/80 dark:aria-invalid:border-destructive/50 dark:aria-invalid:ring-destructive/40 min-h-11"
+             data-slot="input"
+             id="_r_11_-payer-id"
+             required=""
+             value="payer-1"
+           />
+         </div>
+         <div
+           class="group/field flex w-full gap-2 data-[invalid=true]:text-destructive flex-col *:w-full [&>.sr-only]:w-auto"
+           data-orientation="vertical"
+           data-slot="field"
+           role="group"
+         >
+           <label
+             class="items-center text-sm font-medium select-none group-data-[disabled=true]:pointer-events-none group-data-[disabled=true]:opacity-50 peer-disabled:cursor-not-allowed peer-disabled:opacity-50 group/field-label peer/field-label flex w-fit gap-2 leading-snug group-data-[disabled=true]/field:opacity-50 has-data-checked:border-primary/30 has-data-checked:bg-primary/5 has-[>[data-slot=field]]:rounded-lg has-[>[data-slot=field]]:border has-[>[data-slot=field]]:not-has-[:disabled,[data-disabled]]:hover:bg-ui-muted/50 has-[>[data-slot=field]]:has-[:focus-visible]:border-ring has-[>[data-slot=field]]:has-[:focus-visible]:ring-3 has-[>[data-slot=field]]:has-[:focus-visible]:ring-ring/50 *:data-[slot=field]:p-2.5 dark:has-data-checked:border-primary/20 dark:has-data-checked:bg-primary/10 has-[>[data-slot=field]]:w-full has-[>[data-slot=field]]:flex-col"
+             data-slot="field-label"
+             for="_r_11_-facility-id"
+           >
+             Facility identifier
+           </label>
+           <input
+             autocomplete="off"
+             class="h-8 w-full min-w-0 rounded-lg border border-input bg-transparent px-2.5 py-1 text-base transition-colors outline-none file:inline-flex file:h-6 file:border-0 file:bg-transparent file:text-sm file:font-medium file:text-foreground placeholder:text-ui-muted-foreground focus-visible:border-ring focus-visible:ring-3 focus-visible:ring-ring/50 disabled:pointer-events-none disabled:cursor-not-allowed disabled:bg-input/50 disabled:opacity-50 aria-invalid:border-destructive aria-invalid:ring-3 aria-invalid:ring-destructive/20 md:text-sm dark:bg-input/30 dark:disabled:bg-input/80 dark:aria-invalid:border-destructive/50 dark:aria-invalid:ring-destructive/40 min-h-11"
+             data-slot="input"
+             id="_r_11_-facility-id"
+             value=""
+           />
+         </div>
+         <div
+           class="group/field flex w-full gap-2 data-[invalid=true]:text-destructive flex-col *:w-full [&>.sr-only]:w-auto"
+           data-orientation="vertical"
+           data-slot="field"
+           role="group"
+         >
+           <label
+             class="items-center text-sm font-medium select-none group-data-[disabled=true]:pointer-events-none group-data-[disabled=true]:opacity-50 peer-disabled:cursor-not-allowed peer-disabled:opacity-50 group/field-label peer/field-label flex w-fit gap-2 leading-snug group-data-[disabled=true]/field:opacity-50 has-data-checked:border-primary/30 has-data-checked:bg-primary/5 has-[>[data-slot=field]]:rounded-lg has-[>[data-slot=field]]:border has-[>[data-slot=field]]:not-has-[:disabled,[data-disabled]]:hover:bg-ui-muted/50 has-[>[data-slot=field]]:has-[:focus-visible]:border-ring has-[>[data-slot=field]]:has-[:focus-visible]:ring-3 has-[>[data-slot=field]]:has-[:focus-visible]:ring-ring/50 *:data-[slot=field]:p-2.5 dark:has-data-checked:border-primary/20 dark:has-data-checked:bg-primary/10 has-[>[data-slot=field]]:w-full has-[>[data-slot=field]]:flex-col"
+             data-slot="field-label"
+             for="_r_11_-procedure-code"
+           >
+             Procedure code
+           </label>
+           <input
+             autocomplete="off"
+             class="h-8 w-full min-w-0 rounded-lg border border-input bg-transparent px-2.5 py-1 text-base transition-colors outline-none file:inline-flex file:h-6 file:border-0 file:bg-transparent file:text-sm file:font-medium file:text-foreground placeholder:text-ui-muted-foreground focus-visible:border-ring focus-visible:ring-3 focus-visible:ring-ring/50 disabled:pointer-events-none disabled:cursor-not-allowed disabled:bg-input/50 disabled:opacity-50 aria-invalid:border-destructive aria-invalid:ring-3 aria-invalid:ring-destructive/20 md:text-sm dark:bg-input/30 dark:disabled:bg-input/80 dark:aria-invalid:border-destructive/50 dark:aria-invalid:ring-destructive/40 min-h-11"
+             data-slot="input"
              id="_r_11_-procedure-code"
              value=""
            />
+         </div>
+         <div
+           class="group/field flex w-full gap-2 data-[invalid=true]:text-destructive flex-col *:w-full [&>.sr-only]:w-auto"
+           data-orientation="vertical"
+           data-slot="field"
+           role="group"
+         >
+           <label
+             class="items-center text-sm font-medium select-none group-data-[disabled=true]:pointer-events-none group-data-[disabled=true]:opacity-50 peer-disabled:cursor-not-allowed peer-disabled:opacity-50 group/field-label peer/field-label flex w-fit gap-2 leading-snug group-data-[disabled=true]/field:opacity-50 has-data-checked:border-primary/30 has-data-checked:bg-primary/5 has-[>[data-slot=field]]:rounded-lg has-[>[data-slot=field]]:border has-[>[data-slot=field]]:not-has-[:disabled,[data-disabled]]:hover:bg-ui-muted/50 has-[>[data-slot=field]]:has-[:focus-visible]:border-ring has-[>[data-slot=field]]:has-[:focus-visible]:ring-3 has-[>[data-slot=field]]:has-[:focus-visible]:ring-ring/50 *:data-[slot=field]:p-2.5 dark:has-data-checked:border-primary/20 dark:has-data-checked:bg-primary/10 has-[>[data-slot=field]]:w-full has-[>[data-slot=field]]:flex-col"
+             data-slot="field-label"
+             for="_r_11_-plan-key"
+           >
+             Plan key
+           </label>
+           <input
+             autocomplete="off"
+             class="h-8 w-full min-w-0 rounded-lg border border-input bg-transparent px-2.5 py-1 text-base transition-colors outline-none file:inline-flex file:h-6 file:border-0 file:bg-transparent file:text-sm file:font-medium file:text-foreground placeholder:text-ui-muted-foreground focus-visible:border-ring focus-visible:ring-3 focus-visible:ring-ring/50 disabled:pointer-events-none disabled:cursor-not-allowed disabled:bg-input/50 disabled:opacity-50 aria-invalid:border-destructive aria-invalid:ring-3 aria-invalid:ring-destructive/20 md:text-sm dark:bg-input/30 dark:disabled:bg-input/80 dark:aria-invalid:border-destructive/50 dark:aria-invalid:ring-destructive/40 min-h-11"
+             data-slot="input"
+             id="_r_11_-plan-key"
+             value=""
+           />
+         </div>
+       </div>
+       <div
+         class="flex flex-col-reverse gap-2 sm:flex-row sm:justify-end"
+       >
+         <button
+           class="group/button inline-flex shrink-0 items-center justify-center rounded-lg border border-transparent bg-clip-padding text-sm font-medium whitespace-nowrap transition-all outline-none select-none focus-visible:border-ring focus-visible:ring-3 focus-visible:ring-ring/50 active:not-aria-[haspopup]:translate-y-px disabled:pointer-events-none disabled:opacity-50 aria-invalid:border-destructive aria-invalid:ring-3 aria-invalid:ring-destructive/20 dark:aria-invalid:border-destructive/50 dark:aria-invalid:ring-destructive/40 [&_svg]:pointer-events-none [&_svg]:shrink-0 [&_svg:not([class*='size-'])]:size-4 bg-primary text-primary-foreground hover:bg-primary/80 h-8 gap-1.5 px-2.5 has-data-[icon=inline-end]:pr-2 has-data-[icon=inline-start]:pl-2 min-h-11 w-full sm:w-auto"
+           data-slot="button"
+           tabindex="0"
+           type="submit"
+         >
+           Save case
+         </button>
+       </div>
+     </form>
+   </div>
+ </body>

 ❯ src/features/case-queue/components/case-form.test.tsx:67:36
     65|   ] as const)('focuses the requested missing %s field', (focusField, l…
     66|     render(<ControlledCaseForm onSubmit={vi.fn(async () => undefined)}…
     67|     expect(document.activeElement).toBe(screen.getByLabelText(label));
       |                                    ^
     68|   });
     69| });

⎯⎯⎯⎯⎯⎯⎯⎯⎯⎯⎯⎯⎯⎯⎯⎯⎯⎯⎯⎯⎯⎯⎯⎯[3/4]⎯


 Test Files  1 failed (1)
      Tests  4 failed | 1 passed (5)
   Start at  01:37:06
   Duration  1.27s (transform 73ms, setup 0ms, collect 227ms, tests 135ms, environment 568ms, prepare 64ms)

