(node:9125) [DEP0205] DeprecationWarning: `module.register()` is deprecated. Use `module.registerHooks()` instead.
(Use `node --trace-deprecation ...` to show where the warning was created)

 RUN  v3.2.7 /Users/gqadonis/Projects/TribeHealth/kevin/prior-auth/web

 ✓ src/shared/sync/migration-ledger.test.ts (9 tests) 4897ms
   ✓ migrateReplicaSchema > requires a held ownership lease before migration  873ms
   ✓ migrateReplicaSchema > applies a checksummed logical version and generation atomically  609ms
   ✓ migrateReplicaSchema > returns recovery-required on checksum drift without mutating the generation  590ms
   ✓ migrateReplicaSchema > fences an older logical schema and preserves a generation advanced by refetch  584ms
   ✓ migrateReplicaSchema > rejects a changed migration set without a logical version bump  566ms
   ✓ migrateReplicaSchema > rejects duplicate migration identifiers before applying schema changes  554ms
   ✓ migrateReplicaSchema > rolls back the whole generation when a migration fails  560ms
   ✓ migrateReplicaSchema > fences a recorded migration history that is not the plan prefix  560ms
 ✓ src/shared/sync/source-hash-materialization.test.ts (1 test) 921ms
   ✓ document status materialization > stores the exact approved status row and structurally drops local source data  920ms
 ✓ src/shared/sync/case-summary-materialization.test.ts (1 test) 919ms
   ✓ case summary materialization > projects an over-wide transport row onto the approved PEM case summary  918ms
 ✓ src/shared/sync/pglite-schema.test.ts (7 tests) 1595ms
   ✓ PGlite schema upgrades > cuts a populated revision-5 replica over before adding required case columns  656ms

 Test Files  4 passed (4)
      Tests  18 passed (18)
   Start at  10:33:47
   Duration  10.63s (transform 69ms, setup 0ms, collect 143ms, tests 8.33s, environment 1.39s, prepare 156ms)

